Component: ARM Compiler 5.06 update 3 (build 300) Tool: armlink [4d35c9]

==============================================================================

Section Cross References

    system_hc32l13x.o(i.$Sub$$main) refers to system_hc32l13x.o(i.SystemInit) for SystemInit
    system_hc32l13x.o(i.$Sub$$main) refers to main.o(i.main) for $Super$$main
    system_hc32l13x.o(i.SystemCoreClockUpdate) refers to sysctrl.o(i.Sysctrl_GetHClkFreq) for Sysctrl_GetHClkFreq
    system_hc32l13x.o(i.SystemCoreClockUpdate) refers to system_hc32l13x.o(.data) for SystemCoreClock
    system_hc32l13x.o(i.SystemInit) refers to system_hc32l13x.o(i.SystemCoreClockUpdate) for SystemCoreClockUpdate
    system_hc32l13x.o(i.SystemInit) refers to system_hc32l13x.o(i._HidePinInit) for _HidePinInit
    interrupts_hc32l13x.o(i.EnableNvic) refers to interrupts_hc32l13x.o(i.__NVIC_SetPriority) for __NVIC_SetPriority
    interrupts_hc32l13x.o(i.LPUART0_IRQHandler) refers (Weak) to bsp_uart.o(i.LpUart0_IRQHandler) for LpUart0_IRQHandler
    interrupts_hc32l13x.o(i.PORTA_IRQHandler) refers (Weak) to bsp_touch.o(i.PortA_IRQHandler) for PortA_IRQHandler
    interrupts_hc32l13x.o(i.TIM0_IRQHandler) refers (Weak) to bsp_time.o(i.Tim0_IRQHandler) for Tim0_IRQHandler
    interrupts_hc32l13x.o(i.UART0_IRQHandler) refers (Weak) to bsp_uart.o(i.Uart0_IRQHandler) for Uart0_IRQHandler
    startup_hc32l13x.o(STACK) refers (Special) to heapauxi.o(.text) for __use_two_region_memory
    startup_hc32l13x.o(HEAP) refers (Special) to heapauxi.o(.text) for __use_two_region_memory
    startup_hc32l13x.o(RESET) refers (Special) to heapauxi.o(.text) for __use_two_region_memory
    startup_hc32l13x.o(RESET) refers to startup_hc32l13x.o(STACK) for __initial_sp
    startup_hc32l13x.o(RESET) refers to startup_hc32l13x.o(.text) for Reset_Handler
    startup_hc32l13x.o(RESET) refers to interrupts_hc32l13x.o(i.HardFault_Handler) for HardFault_Handler
    startup_hc32l13x.o(RESET) refers to interrupts_hc32l13x.o(i.SysTick_Handler) for SysTick_Handler
    startup_hc32l13x.o(RESET) refers to interrupts_hc32l13x.o(i.PORTA_IRQHandler) for PORTA_IRQHandler
    startup_hc32l13x.o(RESET) refers to interrupts_hc32l13x.o(i.PORTB_IRQHandler) for PORTB_IRQHandler
    startup_hc32l13x.o(RESET) refers to interrupts_hc32l13x.o(i.PORTC_IRQHandler) for PORTC_IRQHandler
    startup_hc32l13x.o(RESET) refers to interrupts_hc32l13x.o(i.PORTD_IRQHandler) for PORTD_IRQHandler
    startup_hc32l13x.o(RESET) refers to interrupts_hc32l13x.o(i.DMAC_IRQHandler) for DMAC_IRQHandler
    startup_hc32l13x.o(RESET) refers to interrupts_hc32l13x.o(i.TIM3_IRQHandler) for TIM3_IRQHandler
    startup_hc32l13x.o(RESET) refers to interrupts_hc32l13x.o(i.UART0_IRQHandler) for UART0_IRQHandler
    startup_hc32l13x.o(RESET) refers to interrupts_hc32l13x.o(i.UART1_IRQHandler) for UART1_IRQHandler
    startup_hc32l13x.o(RESET) refers to interrupts_hc32l13x.o(i.LPUART0_IRQHandler) for LPUART0_IRQHandler
    startup_hc32l13x.o(RESET) refers to interrupts_hc32l13x.o(i.LPUART1_IRQHandler) for LPUART1_IRQHandler
    startup_hc32l13x.o(RESET) refers to interrupts_hc32l13x.o(i.SPI0_IRQHandler) for SPI0_IRQHandler
    startup_hc32l13x.o(RESET) refers to interrupts_hc32l13x.o(i.SPI1_IRQHandler) for SPI1_IRQHandler
    startup_hc32l13x.o(RESET) refers to interrupts_hc32l13x.o(i.I2C0_IRQHandler) for I2C0_IRQHandler
    startup_hc32l13x.o(RESET) refers to interrupts_hc32l13x.o(i.I2C1_IRQHandler) for I2C1_IRQHandler
    startup_hc32l13x.o(RESET) refers to interrupts_hc32l13x.o(i.TIM0_IRQHandler) for TIM0_IRQHandler
    startup_hc32l13x.o(RESET) refers to interrupts_hc32l13x.o(i.TIM1_IRQHandler) for TIM1_IRQHandler
    startup_hc32l13x.o(RESET) refers to interrupts_hc32l13x.o(i.TIM2_IRQHandler) for TIM2_IRQHandler
    startup_hc32l13x.o(RESET) refers to interrupts_hc32l13x.o(i.LPTIM_IRQHandler) for LPTIM_IRQHandler
    startup_hc32l13x.o(RESET) refers to interrupts_hc32l13x.o(i.TIM4_IRQHandler) for TIM4_IRQHandler
    startup_hc32l13x.o(RESET) refers to interrupts_hc32l13x.o(i.TIM5_IRQHandler) for TIM5_IRQHandler
    startup_hc32l13x.o(RESET) refers to interrupts_hc32l13x.o(i.TIM6_IRQHandler) for TIM6_IRQHandler
    startup_hc32l13x.o(RESET) refers to interrupts_hc32l13x.o(i.PCA_IRQHandler) for PCA_IRQHandler
    startup_hc32l13x.o(RESET) refers to interrupts_hc32l13x.o(i.WDT_IRQHandler) for WDT_IRQHandler
    startup_hc32l13x.o(RESET) refers to interrupts_hc32l13x.o(i.RTC_IRQHandler) for RTC_IRQHandler
    startup_hc32l13x.o(RESET) refers to interrupts_hc32l13x.o(i.ADC_IRQHandler) for ADC_IRQHandler
    startup_hc32l13x.o(RESET) refers to interrupts_hc32l13x.o(i.PCNT_IRQHandler) for PCNT_IRQHandler
    startup_hc32l13x.o(RESET) refers to interrupts_hc32l13x.o(i.VC0_IRQHandler) for VC0_IRQHandler
    startup_hc32l13x.o(RESET) refers to interrupts_hc32l13x.o(i.VC1_IRQHandler) for VC1_IRQHandler
[...]
    i.LPUart_EnableFunc                      0x0000536a   Section        0  lpuart.o(i.LPUart_EnableFunc)
    i.LPUart_EnableIrq                       0x0000537e   Section        0  lpuart.o(i.LPUart_EnableIrq)
    i.LPUart_GetStatus                       0x00005392   Section        0  lpuart.o(i.LPUart_GetStatus)
    i.LPUart_Init                            0x000053ac   Section        0  lpuart.o(i.LPUart_Init)
    i.LPUart_ReceiveData                     0x00005444   Section        0  lpuart.o(i.LPUart_ReceiveData)
    i.LPUart_SendData                        0x0000544c   Section        0  lpuart.o(i.LPUart_SendData)
    i.LVD_IRQHandler                         0x00005486   Section        0  interrupts_hc32l13x.o(i.LVD_IRQHandler)
    i.Led_init                               0x0000548e   Section        0  bsp_gpio.o(i.Led_init)
    i.LpUart0_IRQHandler                     0x000054bc   Section        0  bsp_uart.o(i.LpUart0_IRQHandler)
    i.Lpuart_init                            0x0000551c   Section        0  bsp_uart.o(i.Lpuart_init)
    i.PCA_IRQHandler                         0x000055e0   Section        0  interrupts_hc32l13x.o(i.PCA_IRQHandler)
    i.PCNT_IRQHandler                        0x000055e8   Section        0  interrupts_hc32l13x.o(i.PCNT_IRQHandler)
    i.PORTA_IRQHandler                       0x000055f0   Section        0  interrupts_hc32l13x.o(i.PORTA_IRQHandler)
    i.PORTB_IRQHandler                       0x000055f8   Section        0  interrupts_hc32l13x.o(i.PORTB_IRQHandler)
    i.PORTC_IRQHandler                       0x00005600   Section        0  interrupts_hc32l13x.o(i.PORTC_IRQHandler)
    i.PORTD_IRQHandler                       0x00005608   Section        0  interrupts_hc32l13x.o(i.PORTD_IRQHandler)
    i.Pack_Classification                    0x00005610   Section        0  app_gprscmd.o(i.Pack_Classification)
    i.PortA_IRQHandler                       0x0000563c   Section        0  bsp_touch.o(i.PortA_IRQHandler)
    i.QueueEmpty                             0x00005654   Section        0  queue.o(i.QueueEmpty)
    i.QueueFull                              0x00005666   Section        0  queue.o(i.QueueFull)
    i.RTC_IRQHandler                         0x00005682   Section        0  interrupts_hc32l13x.o(i.RTC_IRQHandler)
    i.Rev_Touch_XY                           0x0000568c   Section        0  bsp_touch.o(i.Rev_Touch_XY)
    i.SPI0_IRQHandler                        0x00005700   Section        0  interrupts_hc32l13x.o(i.SPI0_IRQHandler)
    i.SPI1_IRQHandler                        0x00005708   Section        0  interrupts_hc32l13x.o(i.SPI1_IRQHandler)
    i.ScanInteractiveState                   0x00005710   Section        0  app_gpsuart0.o(i.ScanInteractiveState)
    i.Screen_init                            0x000057a0   Section        0  bsp_gpio.o(i.Screen_init)
    i.SelectRow                              0x000057e0   Section        0  app_key.o(i.SelectRow)
    SelectRow                                0x000057e1   Thumb Code    62  app_key.o(i.SelectRow)
    i.SendData_escape                        0x00005828   Section        0  app_gpsuart0.o(i.SendData_escape)
    i.SendInformation                        0x00005890   Section        0  app_version.o(i.SendInformation)
    i.SendKeyInfo                            0x000058e0   Section        0  app_key.o(i.SendKeyInfo)
    i.Send_Data_Uart                         0x00005948   Section        0  app_uart0.o(i.Send_Data_Uart)
    i.Send_Flash_rD                          0x00005a0c   Section        0  app_uart0.o(i.Send_Flash_rD)
    Send_Flash_rD                            0x00005a0d   Thumb Code    76  app_uart0.o(i.Send_Flash_rD)
    i.Send_LPUart0                           0x00005a68   Section        0  app_gpsuart0.o(i.Send_LPUart0)
    i.Send_Uart0                             0x00005a88   Section        0  app_uart0.o(i.Send_Uart0)
    i.Send_XY                                0x00005aa8   Section        0  app_uart0.o(i.Send_XY)
    i.Sendby                                 0x00005b0c   Section        0  app.lpuart.o(i.Sendby)
    i.SendpackHead                           0x00005b44   Section        0  app.lpuart.o(i.SendpackHead)
    i.SetBit                                 0x00005c08   Section        0  ddl.o(i.SetBit)
    i.SysTick_Handler                        0x00005c26   Section        0  interrupts_hc32l13x.o(i.SysTick_Handler)
    i.Sysctrl_ClkInit                        0x00005c2e   Section        0  sysctrl.o(i.Sysctrl_ClkInit)
    i.Sysctrl_ClkSourceEnable                0x00005c98   Section        0  sysctrl.o(i.Sysctrl_ClkSourceEnable)
    i.Sysctrl_GetHClkFreq                    0x00005e04   Section        0  sysctrl.o(i.Sysctrl_GetHClkFreq)
    i.Sysctrl_GetPClkFreq                    0x00005f78   Section        0  sysctrl.o(i.Sysctrl_GetPClkFreq)
    i.Sysctrl_SetHCLKDiv                     0x00005f98   Section        0  sysctrl.o(i.Sysctrl_SetHCLKDiv)
    i.Sysctrl_SetPCLKDiv                     0x00005fc0   Section        0  sysctrl.o(i.Sysctrl_SetPCLKDiv)
    i.Sysctrl_SetPLLFreq                     0x00005fe8   Section        0  sysctrl.o(i.Sysctrl_SetPLLFreq)
    i.Sysctrl_SetPLLStableTime               0x000060fc   Section        0  sysctrl.o(i.Sysctrl_SetPLLStableTime)
    i.Sysctrl_SetPeripheralGate              0x00006120   Section        0  sysctrl.o(i.Sysctrl_SetPeripheralGate)
    i.Sysctrl_SetRCLStableTime               0x00006138   Section        0  sysctrl.o(i.Sysctrl_SetRCLStableTime)
    i.Sysctrl_SetXTHFreq                     0x0000615c   Section        0  sysctrl.o(i.Sysctrl_SetXTHFreq)
    i.Sysctrl_SetXTHStableTime               0x0000617c   Section        0  sysctrl.o(i.Sysctrl_SetXTHStableTime)
    i.Sysctrl_SetXTLStableTime               0x0000619c   Section        0  sysctrl.o(i.Sysctrl_SetXTLStableTime)
    i.Sysctrl_SysClkSwitch                   0x000061bc   Section        0  sysctrl.o(i.Sysctrl_SysClkSwitch)
    i.Sysctrl_XTHDriverCfg                   0x000061e8   Section        0  sysctrl.o(i.Sysctrl_XTHDriverCfg)
    i.Sysctrl_XTLDriverCfg                   0x00006204   Section        0  sysctrl.o(i.Sysctrl_XTLDriverCfg)
    i.SystemCoreClockUpdate                  0x00006238   Section        0  system_hc32l13x.o(i.SystemCoreClockUpdate)
    i.SystemInit                             0x00006248   Section        0  system_hc32l13x.o(i.SystemInit)
    i.Systimeclk                             0x00006288   Section        0  bsp_clk.o(i.Systimeclk)
    i.Systme_led                             0x00006310   Section        0  bsp_time.o(i.Systme_led)
    i.TIM0_IRQHandler                        0x00006344   Section        0  interrupts_hc32l13x.o(i.TIM0_IRQHandler)
    i.TIM1_IRQHandler                        0x0000634c   Section        0  interrupts_hc32l13x.o(i.TIM1_IRQHandler)
    i.TIM2_IRQHandler                        0x00006354   Section        0  interrupts_hc32l13x.o(i.TIM2_IRQHandler)
    i.TIM3_IRQHandler                        0x0000635c   Section        0  interrupts_hc32l13x.o(i.TIM3_IRQHandler)
    i.TIM4_IRQHandler                        0x00006364   Section        0  interrupts_hc32l13x.o(i.TIM4_IRQHandler)
    i.TIM5_IRQHandler                        0x0000636c   Section        0  interrupts_hc32l13x.o(i.TIM5_IRQHandler)
    i.TIM6_IRQHandler                        0x00006374   Section        0  interrupts_hc32l13x.o(i.TIM6_IRQHandler)
    i.TSC2046_Init                           0x0000637c   Section        0  bsp_touch.o(i.TSC2046_Init)
    i.TSC2046_ReadAdc                        0x00006408   Section        0  bsp_touch.o(i.TSC2046_ReadAdc)
    TSC2046_ReadAdc                          0x00006409   Thumb Code    48  bsp_touch.o(i.TSC2046_ReadAdc)
    i.TSC2046_ReadAdc_XY                     0x00006438   Section        0  bsp_touch.o(i.TSC2046_ReadAdc_XY)
    i.TSC2046_ReadCMD                        0x00006454   Section        0  bsp_touch.o(i.TSC2046_ReadCMD)
    TSC2046_ReadCMD                          0x00006455   Thumb Code   144  bsp_touch.o(i.TSC2046_ReadCMD)
    i.TSC2046_WriteCMD                       0x000064e4   Section        0  bsp_touch.o(i.TSC2046_WriteCMD)
    TSC2046_WriteCMD                         0x000064e5   Thumb Code   102  bsp_touch.o(i.TSC2046_WriteCMD)
    i.Tim0_IRQHandler                        0x0000654c   Section        0  bsp_time.o(i.Tim0_IRQHandler)
    i.Time_init                              0x00006614   Section        0  bsp_time.o(i.Time_init)
    i.ToggleConfirmationHandshake            0x0000668c   Section        0  app_gprscmd.o(i.ToggleConfirmationHandshake)
    i.UART0_IRQHandler                       0x000066f0   Section        0  interrupts_hc32l13x.o(i.UART0_IRQHandler)
    i.UART1_IRQHandler                       0x000066f8   Section        0  interrupts_hc32l13x.o(i.UART1_IRQHandler)
    i.Uart0_IRQHandler                       0x00006700   Section        0  bsp_uart.o(i.Uart0_IRQHandler)
    i.Uart0_init                             0x00006778   Section        0  bsp_uart.o(i.Uart0_init)
    i.Uart_ClrStatus                         0x0000684c   Section        0  uart.o(i.Uart_ClrStatus)
    i.Uart_EnableFunc                        0x00006862   Section        0  uart.o(i.Uart_EnableFunc)
    i.Uart_EnableIrq                         0x00006876   Section        0  uart.o(i.Uart_EnableIrq)
    i.Uart_GetStatus                         0x0000688a   Section        0  uart.o(i.Uart_GetStatus)
    i.Uart_Init                              0x000068a4   Section        0  uart.o(i.Uart_Init)
    i.Uart_ReceiveData                       0x00006938   Section        0  uart.o(i.Uart_ReceiveData)
    i.Uart_SendDataPoll                      0x00006940   Section        0  uart.o(i.Uart_SendDataPoll)
    i.VC0_IRQHandler                         0x0000697a   Section        0  interrupts_hc32l13x.o(i.VC0_IRQHandler)
    i.VC1_IRQHandler                         0x00006982   Section        0  interrupts_hc32l13x.o(i.VC1_IRQHandler)
    i.WDT_IRQHandler                         0x0000698a   Section        0  interrupts_hc32l13x.o(i.WDT_IRQHandler)
    i.Wdt_Feed                               0x00006994   Section        0  wdt.o(i.Wdt_Feed)
    i.Wdt_Init                               0x000069a4   Section        0  wdt.o(i.Wdt_Init)
    i.Wdt_Start                              0x000069d0   Section        0  wdt.o(i.Wdt_Start)
    i.Wdt_WriteWdtLoad                       0x000069e0   Section        0  wdt.o(i.Wdt_WriteWdtLoad)
    i._HidePinInit                           0x000069f8   Section        0  system_hc32l13x.o(i._HidePinInit)
    _HidePinInit                             0x000069f9   Thumb Code   110  system_hc32l13x.o(i._HidePinInit)
    i._SysctrlUnlock                         0x00006a78   Section        0  sysctrl.o(i._SysctrlUnlock)
    _SysctrlUnlock                           0x00006a79   Thumb Code    12  sysctrl.o(i._SysctrlUnlock)
    i.__ARM_common_switch8                   0x00006a90   Section        0  sysctrl.o(i.__ARM_common_switch8)
    i.__NVIC_SetPriority                     0x00006aac   Section        0  interrupts_hc32l13x.o(i.__NVIC_SetPriority)
    __NVIC_SetPriority                       0x00006aad   Thumb Code   110  interrupts_hc32l13x.o(i.__NVIC_SetPriority)
    i._sys_exit                              0x00006b24   Section        0  ddl.o(i._sys_exit)
    i._ttywrch                               0x00006b28   Section        0  ddl.o(i._ttywrch)
    i.ddl_memclr                             0x00006b2a   Section        0  ddl.o(i.ddl_memclr)
    i.delay10us                              0x00006b4c   Section        0  ddl.o(i.delay10us)
    i.delay1ms                               0x00006ba8   Section        0  ddl.o(i.delay1ms)
    i.key_is_change                          0x00006c00   Section        0  app_key.o(i.key_is_change)
    key_is_change                            0x00006c01   Thumb Code    58  app_key.o(i.key_is_change)
    i.key_is_down                            0x00006c3a   Section        0  app_key.o(i.key_is_down)
    key_is_down                              0x00006c3b   Thumb Code    24  app_key.o(i.key_is_down)
    i.key_scan_row                           0x00006c52   Section        0  app_key.o(i.key_scan_row)
    key_scan_row                             0x00006c53   Thumb Code    98  app_key.o(i.key_scan_row)
    i.main                                   0x00006cb4   Section        0  main.o(i.main)
    x$fpl$fadd                               0x00006d24   Section      140  faddsub.o(x$fpl$fadd)
    _fadd1                                   0x00006d31   Thumb Code     0  faddsub.o(x$fpl$fadd)
    x$fpl$fsub                               0x00006db0   Section      208  faddsub.o(x$fpl$fsub)
    _fsub1                                   0x00006dbd   Thumb Code     0  faddsub.o(x$fpl$fsub)
    .constdata                               0x00006e80   Section       24  sysctrl.o(.constdata)
    x$fpl$usenofp                            0x00006e80   Section        0  usenofp.o(x$fpl$usenofp)
    .constdata                               0x00006e98   Section       32  flash.o(.constdata)
    .constdata                               0x00006eb8   Section        8  uart.o(.constdata)
    .constdata                               0x00006ec0   Section       12  lpuart.o(.constdata)
    .constdata                               0x00006ecc   Section       60  app_key.o(.constdata)
    .constdata                               0x00006f08   Section       64  fdiv.o(.constdata)
    fdiv_tab                                 0x00006f08   Data          64  fdiv.o(.constdata)
    .data                                    0x20000000   Section        4  system_hc32l13x.o(.data)
    .data                                    0x20000004   Section        2  bsp_time.o(.data)
    .data                                    0x20000006   Section        2  bsp_uart.o(.data)
    .data                                    0x20000008   Section       10  bsp_touch.o(.data)
    .data                                    0x20000012   Section      135  app_key.o(.data)
    flag_key                                 0x20000022   Data           1  app_key.o(.data)
    .data                                    0x2000009c   Section       27  app_cmd.o(.data)
    FE_bit                                   0x200000b0   Data           1  app_cmd.o(.data)
    rev_flashcount                           0x200000b1   Data           1  app_cmd.o(.data)
    flashwritelen                            0x200000b2   Data           2  app_cmd.o(.data)
    Cmd_exe                                  0x200000b4   Data           1  app_cmd.o(.data)
    FlashBitStu                              0x200000b5   Data           1  app_cmd.o(.data)
    FW_val                                   0x200000b6   Data           1  app_cmd.o(.data)
    .data                                    0x200000b7   Section        7  app_uart0.o(.data)
    .data                                    0x200000be   Section       12  app.lpuart.o(.data)
    .data                                    0x200000ca   Section       14  app_gpsuart0.o(.data)
    .data                                    0x200000d8   Section       19  app_gprscmd.o(.data)
    GetPackbit                               0x200000e1   Data           1  app_gprscmd.o(.data)
    Cmd_exe                                  0x200000e9   Data           1  app_gprscmd.o(.data)
    CoutShake                                0x200000ea   Data           1  app_gprscmd.o(.data)
    .data                                    0x200000eb   Section        1  main.o(.data)
    .bss                                     0x200000ec   Section     2400  bsp_uart.o(.bss)
    .bss                                     0x20000a4c   Section      200  app_cmd.o(.bss)
    .bss                                     0x20000b14   Section      400  app_gprscmd.o(.bss)
    .bss                                     0x20000ca4   Section       96  libspace.o(.bss)
    HEAP                                     0x20000d08   Section      512  startup_hc32l13x.o(HEAP)
    Heap_Mem                                 0x20000d08   Data         512  startup_hc32l13x.o(HEAP)
    STACK                                    0x20000f08   Section      512  startup_hc32l13x.o(STACK)
    Stack_Mem                                0x20000f08   Data         512  startup_hc32l13x.o(STACK)
    __initial_sp                             0x20001108   Data           0  startup_hc32l13x.o(STACK)

    Global Symbols

    Symbol Name                              Value     Ov Type        Size  Object(Section)

    BuildAttributes$$THM_ISAv3M$S$PE$A:L22$X:L11$S22$IEEE1$IW$USESV6$~STKCKD$USESV7$~SHL$OTIME$ROPI$EBA8$UX$STANDARDLIB$REQ8$PRES8$EABIv2 0x00000000   Number         0  anon$$obj.o ABSOLUTE
    __ARM_use_no_argv                        0x00000000   Number         0  main.o ABSOLUTE
    Adc_IRQHandler                            - Undefined Weak Reference
    ClkTrim_IRQHandler                        - Undefined Weak Reference
    Dmac_IRQHandler                           - Undefined Weak Reference
    Flash_IRQHandler                          - Undefined Weak Reference
    I2c0_IRQHandler                           - Undefined Weak Reference
    I2c1_IRQHandler                           - Undefined Weak Reference
    Lcd_IRQHandler                            - Undefined Weak Reference
    LpTim_IRQHandler                          - Undefined Weak Reference
    LpUart1_IRQHandler                        - Undefined Weak Reference
    Lvd_IRQHandler                            - Undefined Weak Reference
    Pca_IRQHandler                            - Undefined Weak Reference
    Pcnt_IRQHandler                           - Undefined Weak Reference
    PortB_IRQHandler                          - Undefined Weak Reference
    PortC_IRQHandler                          - Undefined Weak Reference
    PortD_IRQHandler                          - Undefined Weak Reference
    Ram_IRQHandler                            - Undefined Weak Reference
    Rtc_IRQHandler                            - Undefined Weak Reference
    Spi0_IRQHandler                           - Undefined Weak Reference
    Spi1_IRQHandler                           - Undefined Weak Reference
    SysTick_IRQHandler                        - Undefined Weak Reference
    Tim1_IRQHandler                           - Undefined Weak Reference
    Tim2_IRQHandler                           - Undefined Weak Reference
    Tim3_IRQHandler                           - Undefined Weak Reference
    Tim4_IRQHandler                           - Undefined Weak Reference
    Tim5_IRQHandler                           - Undefined Weak Reference
    Tim6_IRQHandler                           - Undefined Weak Reference
    Uart1_IRQHandler                          - Undefined Weak Reference
    Vc0_IRQHandler                            - Undefined Weak Reference
    Vc1_IRQHandler                            - Undefined Weak Reference
    Wdt_IRQHandler                            - Undefined Weak Reference
    __ARM_exceptions_init                     - Undefined Weak Reference
    __alloca_initialize                       - Undefined Weak Reference
    __arm_preinit_                            - Undefined Weak Reference
    __cpp_initialize__aeabi_                  - Undefined Weak Reference
    __cxa_finalize                            - Undefined Weak Reference
    __rt_locale                               - Undefined Weak Reference
    __sigvec_lookup                           - Undefined Weak Reference
    __user_heap_extent                        - Undefined Weak Reference
    _atexit_init                              - Undefined Weak Reference
    _call_atexit_fns                          - Undefined Weak Reference
    _clock_init                               - Undefined Weak Reference
    _fp_trap_init                             - Undefined Weak Reference
    _fp_trap_shutdown                         - Undefined Weak Reference
    _get_lc_collate                           - Undefined Weak Reference
    _get_lc_ctype                             - Undefined Weak Reference
    _get_lc_monetary                          - Undefined Weak Reference
    _get_lc_numeric                           - Undefined Weak Reference
    _get_lc_time                              - Undefined Weak Reference
    _getenv_init                              - Undefined Weak Reference
    _handle_redirection                       - Undefined Weak Reference
    _initio                                   - Undefined Weak Reference
    _mutex_acquire                            - Undefined Weak Reference
    _mutex_free                               - Undefined Weak Reference
    _mutex_release                            - Undefined Weak Reference
    _rand_init                                - Undefined Weak Reference
    _signal_finish                            - Undefined Weak Reference
    _signal_init                              - Undefined Weak Reference
    _terminateio                              - Undefined Weak Reference
    __Vectors_Size                           0x000000c0   Number         0  startup_hc32l13x.o ABSOLUTE
    __Vectors                                0x00002c00   Data           0  startup_hc32l13x.o(RESET)
    __Vectors_End                            0x00002cc0   Data           0  startup_hc32l13x.o(RESET)
    __main                                   0x00003105   Thumb Code     8  __main.o(!!!main)
    __scatterload                            0x0000310d   Thumb Code     0  __scatter.o(!!!scatter)
    __scatterload_rt2                        0x0000310d   Thumb Code    52  __scatter.o(!!!scatter)
    __scatterload_rt2_thumb_only             0x0000310d   Thumb Code     0  __scatter.o(!!!scatter)
    __scatterload_null                       0x0000311d   Thumb Code     0  __scatter.o(!!!scatter)
    __scatterload_copy                       0x00003149   Thumb Code    26  __scatter_copy.o(!!handler_copy)
    __scatterload_zeroinit                   0x00003165   Thumb Code    28  __scatter_zi.o(!!handler_zi)
    __rt_lib_init                            0x00003181   Thumb Code     0  libinit.o(.ARM.Collect$$libinit$$00000000)
    __rt_lib_init_fp_1                       0x00003183   Thumb Code     0  libinit2.o(.ARM.Collect$$libinit$$00000002)
    __rt_lib_init_heap_2                     0x00003183   Thumb Code     0  libinit2.o(.ARM.Collect$$libinit$$00000005)
    __rt_lib_init_preinit_1                  0x00003183   Thumb Code     0  libinit2.o(.ARM.Collect$$libinit$$00000004)
    __rt_lib_init_alloca_1                   0x0000318b   Thumb Code     0  libinit2.o(.ARM.Collect$$libinit$$0000002E)
    __rt_lib_init_argv_1                     0x0000318b   Thumb Code     0  libinit2.o(.ARM.Collect$$libinit$$0000002C)
    __rt_lib_init_atexit_1                   0x0000318b   Thumb Code     0  libinit2.o(.ARM.Collect$$libinit$$0000001B)
    __rt_lib_init_clock_1                    0x0000318b   Thumb Code     0  libinit2.o(.ARM.Collect$$libinit$$00000021)
    __rt_lib_init_cpp_1                      0x0000318b   Thumb Code     0  libinit2.o(.ARM.Collect$$libinit$$00000032)
    __rt_lib_init_exceptions_1               0x0000318b   Thumb Code     0  libinit2.o(.ARM.Collect$$libinit$$00000030)
    __rt_lib_init_fp_trap_1                  0x0000318b   Thumb Code     0  libinit2.o(.ARM.Collect$$libinit$$0000001F)
    __rt_lib_init_getenv_1                   0x0000318b   Thumb Code     0  libinit2.o(.ARM.Collect$$libinit$$00000023)
    __rt_lib_init_heap_1                     0x0000318b   Thumb Code     0  libinit2.o(.ARM.Collect$$libinit$$0000000A)
    __rt_lib_init_lc_collate_1               0x0000318b   Thumb Code     0  libinit2.o(.ARM.Collect$$libinit$$00000011)
    __rt_lib_init_lc_ctype_1                 0x0000318b   Thumb Code     0  libinit2.o(.ARM.Collect$$libinit$$00000013)
    __rt_lib_init_lc_monetary_1              0x0000318b   Thumb Code     0  libinit2.o(.ARM.Collect$$libinit$$00000015)
    __rt_lib_init_lc_numeric_1               0x0000318b   Thumb Code     0  libinit2.o(.ARM.Collect$$libinit$$00000017)
    __rt_lib_init_lc_time_1                  0x0000318b   Thumb Code     0  libinit2.o(.ARM.Collect$$libinit$$00000019)
    __rt_lib_init_rand_1                     0x0000318b   Thumb Code     0  libinit2.o(.ARM.Collect$$libinit$$0000000E)
    __rt_lib_init_return                     0x0000318b   Thumb Code     0  libinit2.o(.ARM.Collect$$libinit$$00000033)
    __rt_lib_init_signal_1                   0x0000318b   Thumb Code     0  libinit2.o(.ARM.Collect$$libinit$$0000001D)
    __rt_lib_init_stdio_1                    0x0000318b   Thumb Code     0  libinit2.o(.ARM.Collect$$libinit$$00000025)
    __rt_lib_init_user_alloc_1               0x0000318b   Thumb Code     0  libinit2.o(.ARM.Collect$$libinit$$0000000C)
    __rt_lib_shutdown                        0x0000318d   Thumb Code     0  libshutdown.o(.ARM.Collect$$libshutdown$$00000000)
    __rt_lib_shutdown_cpp_1                  0x0000318f   Thumb Code     0  libshutdown2.o(.ARM.Collect$$libshutdown$$00000002)
    __rt_lib_shutdown_fp_trap_1              0x0000318f   Thumb Code     0  libshutdown2.o(.ARM.Collect$$libshutdown$$00000007)
    __rt_lib_shutdown_heap_1                 0x0000318f   Thumb Code     0  libshutdown2.o(.ARM.Collect$$libshutdown$$0000000F)
    __rt_lib_shutdown_return                 0x0000318f   Thumb Code     0  libshutdown2.o(.ARM.Collect$$libshutdown$$00000010)
    __rt_lib_shutdown_signal_1               0x0000318f   Thumb Code     0  libshutdown2.o(.ARM.Collect$$libshutdown$$0000000A)
    __rt_lib_shutdown_stdio_1                0x0000318f   Thumb Code     0  libshutdown2.o(.ARM.Collect$$libshutdown$$00000004)
    __rt_lib_shutdown_user_alloc_1           0x0000318f   Thumb Code     0  libshutdown2.o(.ARM.Collect$$libshutdown$$0000000C)
    __rt_entry                               0x00003191   Thumb Code     0  __rtentry.o(.ARM.Collect$$rtentry$$00000000)
    __rt_entry_presh_1                       0x00003191   Thumb Code     0  __rtentry2.o(.ARM.Collect$$rtentry$$00000002)
    __rt_entry_sh                            0x00003191   Thumb Code     0  __rtentry4.o(.ARM.Collect$$rtentry$$00000004)
    __rt_entry_li                            0x00003197   Thumb Code     0  __rtentry2.o(.ARM.Collect$$rtentry$$0000000A)
    __rt_entry_postsh_1                      0x00003197   Thumb Code     0  __rtentry2.o(.ARM.Collect$$rtentry$$00000009)
    __rt_entry_main                          0x0000319b   Thumb Code     0  __rtentry2.o(.ARM.Collect$$rtentry$$0000000D)
    __rt_entry_postli_1                      0x0000319b   Thumb Code     0  __rtentry2.o(.ARM.Collect$$rtentry$$0000000C)
    __rt_exit                                0x000031a3   Thumb Code     0  rtexit.o(.ARM.Collect$$rtexit$$00000000)
    __rt_exit_ls                             0x000031a5   Thumb Code     0  rtexit2.o(.ARM.Collect$$rtexit$$00000003)
    __rt_exit_prels_1                        0x000031a5   Thumb Code     0  rtexit2.o(.ARM.Collect$$rtexit$$00000002)
    __rt_exit_exit                           0x000031a9   Thumb Code     0  rtexit2.o(.ARM.Collect$$rtexit$$00000004)
    __aeabi_memcpy4                          0x000031b1   Thumb Code    56  rt_memcpy.o(.emb_text)
    __aeabi_memcpy8                          0x000031b1   Thumb Code     0  rt_memcpy.o(.emb_text)
    Reset_Handler                            0x000031e9   Thumb Code    28  startup_hc32l13x.o(.text)
    _maybe_terminate_alloc                   0x000031e9   Thumb Code     0  maybetermalloc1.o(.emb_text)
    NMI_Handler                              0x00003205   Thumb Code     2  startup_hc32l13x.o(.text)
    SVC_Handler                              0x00003209   Thumb Code     2  startup_hc32l13x.o(.text)
    PendSV_Handler                           0x0000320b   Thumb Code     2  startup_hc32l13x.o(.text)
    __user_initial_stackheap                 0x00003211   Thumb Code     0  startup_hc32l13x.o(.text)
    __use_no_semihosting                     0x00003245   Thumb Code     2  use_no_semi_2.o(.text)
    malloc                                   0x00003247   Thumb Code    98  h1_alloc.o(.text)
    free                                     0x000032a9   Thumb Code    76  h1_free.o(.text)
    _memset_w                                0x000032f5   Thumb Code    26  rt_memclr.o(.text)
    _memset                                  0x0000330f   Thumb Code    30  rt_memclr.o(.text)
    __aeabi_memclr                           0x0000332d   Thumb Code     4  rt_memclr.o(.text)
    __rt_memclr                              0x0000332d   Thumb Code     0  rt_memclr.o(.text)
    __aeabi_memclr4                          0x00003331   Thumb Code     0  rt_memclr.o(.text)
    __aeabi_memclr8                          0x00003331   Thumb Code     0  rt_memclr.o(.text)
    __rt_memclr_w                            0x00003331   Thumb Code     4  rt_memclr.o(.text)
    __aeabi_uidiv                            0x00003335   Thumb Code     0  aeabi_sdiv.o(.text)
    __aeabi_uidivmod                         0x00003335   Thumb Code    20  aeabi_sdiv.o(.text)
    __aeabi_idiv                             0x00003349   Thumb Code     0  aeabi_sdiv.o(.text)
    __aeabi_idivmod                          0x00003349   Thumb Code   326  aeabi_sdiv.o(.text)
    __use_two_region_memory                  0x0000348f   Thumb Code     2  heapauxi.o(.text)
    __rt_heap_escrow                         0x00003491   Thumb Code     2  heapauxi.o(.text)
    __rt_heap_expand                         0x00003493   Thumb Code     2  heapauxi.o(.text)
    __aeabi_fdiv                             0x00003495   Thumb Code     0  fdiv.o(.text)
    _fdiv                                    0x00003495   Thumb Code   334  fdiv.o(.text)
    _frdiv                                   0x000035e3   Thumb Code     8  fdiv.o(.text)
    __aeabi_f2uiz                            0x000035f5   Thumb Code     0  ffixui.o(.text)
    _ffixu                                   0x000035f5   Thumb Code    48  ffixui.o(.text)
    __aeabi_i2f_normalise                    0x00003625   Thumb Code    72  fflti.o(.text)
    __aeabi_i2f                              0x0000366d   Thumb Code    16  fflti.o(.text)
    _fflt                                    0x0000366d   Thumb Code     0  fflti.o(.text)
    __aeabi_ui2f                             0x0000367d   Thumb Code     6  fflti.o(.text)
    _ffltu                                   0x0000367d   Thumb Code     0  fflti.o(.text)
    __I$use$semihosting                      0x00003683   Thumb Code     0  use_no_semi.o(.text)
    __use_no_semihosting_swi                 0x00003683   Thumb Code     2  use_no_semi.o(.text)
    __rt_heap_descriptor                     0x00003685   Thumb Code     8  rt_heap_descriptor_intlibspace.o(.text)
    __use_no_heap                            0x0000368d   Thumb Code     2  hguard.o(.text)
    __heap$guard                             0x0000368f   Thumb Code     2  hguard.o(.text)
    _terminate_user_alloc                    0x00003691   Thumb Code     2  init_alloc.o(.text)
    _init_user_alloc                         0x00003693   Thumb Code     2  init_alloc.o(.text)
    __Heap_Full                              0x00003695   Thumb Code    32  init_alloc.o(.text)
    __Heap_Broken                            0x000036b5   Thumb Code    10  init_alloc.o(.text)
    _init_alloc                              0x000036bf   Thumb Code    90  init_alloc.o(.text)
    __Heap_Initialize                        0x00003719   Thumb Code    10  h1_init.o(.text)
    __Heap_DescSize                          0x00003723   Thumb Code     4  h1_init.o(.text)
    __user_libspace                          0x00003729   Thumb Code     8  libspace.o(.text)
    __user_perproc_libspace                  0x00003729   Thumb Code     0  libspace.o(.text)
    __user_perthread_libspace                0x00003729   Thumb Code     0  libspace.o(.text)
    __Heap_ProvideMemory                     0x00003731   Thumb Code    52  h1_extend.o(.text)
    __rt_SIGRTMEM                            0x00003765   Thumb Code    12  defsig_rtmem_outer.o(.text)
    __user_setup_stackheap                   0x00003771   Thumb Code    62  sys_stackheap_outer.o(.text)
    exit                                     0x000037af   Thumb Code    16  exit.o(.text)
    __sig_exit                               0x000037bf   Thumb Code    12  defsig_exit.o(.text)
    __rt_SIGRTMEM_inner                      0x000037cd   Thumb Code    22  defsig_rtmem_inner.o(.text)
    __default_signal_display                 0x0000381d   Thumb Code    52  defsig_general.o(.text)
    main                                     0x00003851   Thumb Code    14  system_hc32l13x.o(i.$Sub$$main)
    ADC_IRQHandler                           0x0000385f   Thumb Code     8  interrupts_hc32l13x.o(i.ADC_IRQHandler)
    Backlight_init                           0x00003867   Thumb Code    44  bsp_gpio.o(i.Backlight_init)
    Bt_ClearIntFlag                          0x000038dd   Thumb Code    22  bt.o(i.Bt_ClearIntFlag)
    Bt_GetIntFlag                            0x000038f9   Thumb Code    24  bt.o(i.Bt_GetIntFlag)
    Bt_M0_ARRSet                             0x00003915   Thumb Code    26  bt.o(i.Bt_M0_ARRSet)
    Bt_M0_Cnt16Set                           0x00003935   Thumb Code    26  bt.o(i.Bt_M0_Cnt16Set)
    Bt_M0_Run                                0x00003955   Thumb Code    24  bt.o(i.Bt_M0_Run)
    Bt_Mode0_EnableIrq                       0x00003971   Thumb Code    24  bt.o(i.Bt_Mode0_EnableIrq)
    Bt_Mode0_Init                            0x0000398d   Thumb Code   148  bt.o(i.Bt_Mode0_Init)
    Buzz_init                                0x00003a25   Thumb Code    44  bsp_gpio.o(i.Buzz_init)
    CLKTRIM_IRQHandler                       0x00003a51   Thumb Code     8  interrupts_hc32l13x.o(i.CLKTRIM_IRQHandler)
    CRC16                                    0x00003a59   Thumb Code    60  app_cmd.o(i.CRC16)
    Clearpackbit                             0x00003a95   Thumb Code    20  app.lpuart.o(i.Clearpackbit)
    ClerlCMD_TimeCount                       0x00003ab9   Thumb Code    40  bsp_time.o(i.ClerlCMD_TimeCount)
    ClerlTouch_TimeCount                     0x00003aed   Thumb Code    28  bsp_time.o(i.ClerlTouch_TimeCount)
    Clerlkey_TimeCount                       0x00003b11   Thumb Code    20  bsp_time.o(i.Clerlkey_TimeCount)
    CmdTask1                                 0x00003b2d   Thumb Code   398  app_cmd.o(i.CmdTask1)
    Cmd_Task                                 0x00003db5   Thumb Code    10  app_cmd.o(i.Cmd_Task)
    Cmd_char                                 0x00003dc1   Thumb Code   104  app_cmd.o(i.Cmd_char)
    DMAC_IRQHandler                          0x00003e35   Thumb Code     8  interrupts_hc32l13x.o(i.DMAC_IRQHandler)
    Data_escape                              0x00003e3d   Thumb Code    56  app.lpuart.o(i.Data_escape)
    DeQueue                                  0x00003e75   Thumb Code    44  queue.o(i.DeQueue)
    EnQueue                                  0x00003ea1   Thumb Code    42  queue.o(i.EnQueue)
    EnableNvic                               0x00003ecd   Thumb Code   120  interrupts_hc32l13x.o(i.EnableNvic)
    FLASH_RAM_IRQHandler                     0x00003f4d   Thumb Code    12  interrupts_hc32l13x.o(i.FLASH_RAM_IRQHandler)
    Flash_Init                               0x00003f59   Thumb Code   188  flash.o(i.Flash_Init)
    Flash_LockAll                            0x00004025   Thumb Code    16  flash.o(i.Flash_LockAll)
    Flash_SaveErase                          0x00004041   Thumb Code   142  app_cmd.o(i.Flash_SaveErase)
    Flash_SectorErase                        0x000040d5   Thumb Code   158  flash.o(i.Flash_SectorErase)
    Flash_UnlockAll                          0x00004185   Thumb Code    18  flash.o(i.Flash_UnlockAll)
    Flash_WaitCycle                          0x000041a5   Thumb Code    38  flash.o(i.Flash_WaitCycle)
    Flash_WriteByte                          0x000041d9   Thumb Code   158  flash.o(i.Flash_WriteByte)
    Flash_readBy                             0x00004301   Thumb Code     6  bsp_flash.o(i.Flash_readBy)
    Flash_writeBy                            0x0000438d   Thumb Code    38  bsp_flash.o(i.Flash_writeBy)
    GPIO_Key_init                            0x000043b3   Thumb Code   188  bsp_gpio.o(i.GPIO_Key_init)
    GPRSRev_data                             0x00004471   Thumb Code   214  app.lpuart.o(i.GPRSRev_data)
    GPSendKeyInfo                            0x00004565   Thumb Code   118  app_key.o(i.GPSendKeyInfo)
    GPclearData                              0x000045e5   Thumb Code    30  app_gprscmd.o(i.GPclearData)
    GPdataTranslate                          0x00004619   Thumb Code   154  app_gprscmd.o(i.GPdataTranslate)
    GetBit                                   0x000046bd   Thumb Code    12  ddl.o(i.GetBit)
    GetGpsPack                               0x00004715   Thumb Code   128  app_gprscmd.o(i.GetGpsPack)
    GetLcdType                               0x000047cd   Thumb Code    90  bsp_gpio.o(i.GetLcdType)
    Get_Data_HTL                             0x00004861   Thumb Code   146  app.lpuart.o(i.Get_Data_HTL)
    Getpackheadlen                           0x00004901   Thumb Code   104  app.lpuart.o(i.Getpackheadlen)
    GpCmd_char                               0x0000497d   Thumb Code   136  app_gprscmd.o(i.GpCmd_char)
    GpFlashW                                 0x00004a19   Thumb Code    90  app_gprscmd.o(i.GpFlashW)
    GpFlash_r                                0x00004a81   Thumb Code    64  app_gprscmd.o(i.GpFlash_r)
    GpRsacketProcessing                      0x00004ac9   Thumb Code   116  app_gprscmd.o(i.GpRsacketProcessing)
    GpSendInformation                        0x00004b55   Thumb Code   102  app_version.o(i.GpSendInformation)
    GpSend_Uart0                             0x00004c5d   Thumb Code    30  app_gpsuart0.o(i.GpSend_Uart0)
    GpSend_XY                                0x00004c7d   Thumb Code   128  app_gpsuart0.o(i.GpSend_XY)
    Gpio_ClearIrq                            0x00004d11   Thumb Code    22  gpio.o(i.Gpio_ClearIrq)
    Gpio_ClrIO                               0x00004d2d   Thumb Code    22  gpio.o(i.Gpio_ClrIO)
    Gpio_GetInputIO                          0x00004d49   Thumb Code    18  gpio.o(i.Gpio_GetInputIO)
    Gpio_GetIrqStatus                        0x00004d61   Thumb Code    18  gpio.o(i.Gpio_GetIrqStatus)
    Gpio_Init                                0x00004d79   Thumb Code   130  gpio.o(i.Gpio_Init)
    Gpio_SetAfMode                           0x00004e09   Thumb Code    16  gpio.o(i.Gpio_SetAfMode)
    Gpio_SetIO                               0x00004e1d   Thumb Code    22  gpio.o(i.Gpio_SetIO)
    GprsCmd_Task                             0x00004e39   Thumb Code   194  app_gprscmd.o(i.GprsCmd_Task)
    GpsSend_Data_Uart                        0x00004f15   Thumb Code   310  app_gpsuart0.o(i.GpsSend_Data_Uart)
    HardFault_Handler                        0x00005095   Thumb Code    16  interrupts_hc32l13x.o(i.HardFault_Handler)
    I2C0_IRQHandler                          0x000050a5   Thumb Code     8  interrupts_hc32l13x.o(i.I2C0_IRQHandler)
    I2C1_IRQHandler                          0x000050ad   Thumb Code     8  interrupts_hc32l13x.o(i.I2C1_IRQHandler)
    InitQueue                                0x000050b5   Thumb Code    12  queue.o(i.InitQueue)
    KeyInit                                  0x000050c1   Thumb Code    30  app_key.o(i.KeyInit)
    KeyScanTask                              0x000050e5   Thumb Code   514  app_key.o(i.KeyScanTask)
    LCD_IRQHandler                           0x00005321   Thumb Code     8  interrupts_hc32l13x.o(i.LCD_IRQHandler)
    LPTIM_IRQHandler                         0x00005329   Thumb Code     8  interrupts_hc32l13x.o(i.LPTIM_IRQHandler)
    LPUART0_IRQHandler                       0x00005331   Thumb Code     8  interrupts_hc32l13x.o(i.LPUART0_IRQHandler)
    LPUART1_IRQHandler                       0x00005339   Thumb Code     8  interrupts_hc32l13x.o(i.LPUART1_IRQHandler)
    LPUart_ClrStatus                         0x00005341   Thumb Code    22  lpuart.o(i.LPUart_ClrStatus)
    LPUart_DisableIrq                        0x00005357   Thumb Code    20  lpuart.o(i.LPUart_DisableIrq)
    LPUart_EnableFunc                        0x0000536b   Thumb Code    20  lpuart.o(i.LPUart_EnableFunc)
    LPUart_EnableIrq                         0x0000537f   Thumb Code    20  lpuart.o(i.LPUart_EnableIrq)
    LPUart_GetStatus                         0x00005393   Thumb Code    24  lpuart.o(i.LPUart_GetStatus)
    LPUart_Init                              0x000053ad   Thumb Code   148  lpuart.o(i.LPUart_Init)
    LPUart_ReceiveData                       0x00005445   Thumb Code     8  lpuart.o(i.LPUart_ReceiveData)
    LPUart_SendData                          0x0000544d   Thumb Code    58  lpuart.o(i.LPUart_SendData)
    LVD_IRQHandler                           0x00005487   Thumb Code     8  interrupts_hc32l13x.o(i.LVD_IRQHandler)
    Led_init                                 0x0000548f   Thumb Code    46  bsp_gpio.o(i.Led_init)
    LpUart0_IRQHandler                       0x000054bd   Thumb Code    84  bsp_uart.o(i.LpUart0_IRQHandler)
    Lpuart_init                              0x0000551d   Thumb Code   182  bsp_uart.o(i.Lpuart_init)
    PCA_IRQHandler                           0x000055e1   Thumb Code     8  interrupts_hc32l13x.o(i.PCA_IRQHandler)
    PCNT_IRQHandler                          0x000055e9   Thumb Code     8  interrupts_hc32l13x.o(i.PCNT_IRQHandler)
    PORTA_IRQHandler                         0x000055f1   Thumb Code     8  interrupts_hc32l13x.o(i.PORTA_IRQHandler)
    PORTB_IRQHandler                         0x000055f9   Thumb Code     8  interrupts_hc32l13x.o(i.PORTB_IRQHandler)
    PORTC_IRQHandler                         0x00005601   Thumb Code     8  interrupts_hc32l13x.o(i.PORTC_IRQHandler)
    PORTD_IRQHandler                         0x00005609   Thumb Code     8  interrupts_hc32l13x.o(i.PORTD_IRQHandler)
    Pack_Classification                      0x00005611   Thumb Code    40  app_gprscmd.o(i.Pack_Classification)
    PortA_IRQHandler                         0x0000563d   Thumb Code    24  bsp_touch.o(i.PortA_IRQHandler)
    QueueEmpty                               0x00005655   Thumb Code    18  queue.o(i.QueueEmpty)
    QueueFull                                0x00005667   Thumb Code    28  queue.o(i.QueueFull)
    RTC_IRQHandler                           0x00005683   Thumb Code     8  interrupts_hc32l13x.o(i.RTC_IRQHandler)
    Rev_Touch_XY                             0x0000568d   Thumb Code    92  bsp_touch.o(i.Rev_Touch_XY)
    SPI0_IRQHandler                          0x00005701   Thumb Code     8  interrupts_hc32l13x.o(i.SPI0_IRQHandler)
    SPI1_IRQHandler                          0x00005709   Thumb Code     8  interrupts_hc32l13x.o(i.SPI1_IRQHandler)
    ScanInteractiveState                     0x00005711   Thumb Code   106  app_gpsuart0.o(i.ScanInteractiveState)
    Screen_init                              0x000057a1   Thumb Code    64  bsp_gpio.o(i.Screen_init)
    SendData_escape                          0x00005829   Thumb Code   104  app_gpsuart0.o(i.SendData_escape)
    SendInformation                          0x00005891   Thumb Code    74  app_version.o(i.SendInformation)
    SendKeyInfo                              0x000058e1   Thumb Code    94  app_key.o(i.SendKeyInfo)
    Send_Data_Uart                           0x00005949   Thumb Code   154  app_uart0.o(i.Send_Data_Uart)
    Send_LPUart0                             0x00005a69   Thumb Code    28  app_gpsuart0.o(i.Send_LPUart0)
    Send_Uart0                               0x00005a89   Thumb Code    30  app_uart0.o(i.Send_Uart0)
    Send_XY                                  0x00005aa9   Thumb Code    82  app_uart0.o(i.Send_XY)
    Sendby                                   0x00005b0d   Thumb Code    56  app.lpuart.o(i.Sendby)
    SendpackHead                             0x00005b45   Thumb Code   182  app.lpuart.o(i.SendpackHead)
    SetBit                                   0x00005c09   Thumb Code    30  ddl.o(i.SetBit)
    SysTick_Handler                          0x00005c27   Thumb Code     8  interrupts_hc32l13x.o(i.SysTick_Handler)
    Sysctrl_ClkInit                          0x00005c2f   Thumb Code   106  sysctrl.o(i.Sysctrl_ClkInit)
    Sysctrl_ClkSourceEnable                  0x00005c99   Thumb Code   352  sysctrl.o(i.Sysctrl_ClkSourceEnable)
    Sysctrl_GetHClkFreq                      0x00005e05   Thumb Code   354  sysctrl.o(i.Sysctrl_GetHClkFreq)
    Sysctrl_GetPClkFreq                      0x00005f79   Thumb Code    28  sysctrl.o(i.Sysctrl_GetPClkFreq)
    Sysctrl_SetHCLKDiv                       0x00005f99   Thumb Code    36  sysctrl.o(i.Sysctrl_SetHCLKDiv)
    Sysctrl_SetPCLKDiv                       0x00005fc1   Thumb Code    36  sysctrl.o(i.Sysctrl_SetPCLKDiv)
    Sysctrl_SetPLLFreq                       0x00005fe9   Thumb Code   258  sysctrl.o(i.Sysctrl_SetPLLFreq)
    Sysctrl_SetPLLStableTime                 0x000060fd   Thumb Code    32  sysctrl.o(i.Sysctrl_SetPLLStableTime)
    Sysctrl_SetPeripheralGate                0x00006121   Thumb Code    20  sysctrl.o(i.Sysctrl_SetPeripheralGate)
    Sysctrl_SetRCLStableTime                 0x00006139   Thumb Code    32  sysctrl.o(i.Sysctrl_SetRCLStableTime)
    Sysctrl_SetXTHFreq                       0x0000615d   Thumb Code    28  sysctrl.o(i.Sysctrl_SetXTHFreq)
    Sysctrl_SetXTHStableTime                 0x0000617d   Thumb Code    28  sysctrl.o(i.Sysctrl_SetXTHStableTime)
    Sysctrl_SetXTLStableTime                 0x0000619d   Thumb Code    28  sysctrl.o(i.Sysctrl_SetXTLStableTime)
    Sysctrl_SysClkSwitch                     0x000061bd   Thumb Code    40  sysctrl.o(i.Sysctrl_SysClkSwitch)
    Sysctrl_XTHDriverCfg                     0x000061e9   Thumb Code    24  sysctrl.o(i.Sysctrl_XTHDriverCfg)
    Sysctrl_XTLDriverCfg                     0x00006205   Thumb Code    46  sysctrl.o(i.Sysctrl_XTLDriverCfg)
    SystemCoreClockUpdate                    0x00006239   Thumb Code    12  system_hc32l13x.o(i.SystemCoreClockUpdate)
    SystemInit                               0x00006249   Thumb Code    56  system_hc32l13x.o(i.SystemInit)
    Systimeclk                               0x00006289   Thumb Code   130  bsp_clk.o(i.Systimeclk)
    Systme_led                               0x00006311   Thumb Code    48  bsp_time.o(i.Systme_led)
    TIM0_IRQHandler                          0x00006345   Thumb Code     8  interrupts_hc32l13x.o(i.TIM0_IRQHandler)
    TIM1_IRQHandler                          0x0000634d   Thumb Code     8  interrupts_hc32l13x.o(i.TIM1_IRQHandler)
    TIM2_IRQHandler                          0x00006355   Thumb Code     8  interrupts_hc32l13x.o(i.TIM2_IRQHandler)
    TIM3_IRQHandler                          0x0000635d   Thumb Code     8  interrupts_hc32l13x.o(i.TIM3_IRQHandler)
    TIM4_IRQHandler                          0x00006365   Thumb Code     8  interrupts_hc32l13x.o(i.TIM4_IRQHandler)
    TIM5_IRQHandler                          0x0000636d   Thumb Code     8  interrupts_hc32l13x.o(i.TIM5_IRQHandler)
    TIM6_IRQHandler                          0x00006375   Thumb Code     8  interrupts_hc32l13x.o(i.TIM6_IRQHandler)
    TSC2046_Init                             0x0000637d   Thumb Code   140  bsp_touch.o(i.TSC2046_Init)
    TSC2046_ReadAdc_XY                       0x00006439   Thumb Code    28  bsp_touch.o(i.TSC2046_ReadAdc_XY)
    Tim0_IRQHandler                          0x0000654d   Thumb Code   156  bsp_time.o(i.Tim0_IRQHandler)
    Time_init                                0x00006615   Thumb Code   120  bsp_time.o(i.Time_init)
    ToggleConfirmationHandshake              0x0000668d   Thumb Code    78  app_gprscmd.o(i.ToggleConfirmationHandshake)
    UART0_IRQHandler                         0x000066f1   Thumb Code     8  interrupts_hc32l13x.o(i.UART0_IRQHandler)
    UART1_IRQHandler                         0x000066f9   Thumb Code     8  interrupts_hc32l13x.o(i.UART1_IRQHandler)
    Uart0_IRQHandler                         0x00006701   Thumb Code   110  bsp_uart.o(i.Uart0_IRQHandler)
    Uart0_init                               0x00006779   Thumb Code   202  bsp_uart.o(i.Uart0_init)
    Uart_ClrStatus                           0x0000684d   Thumb Code    22  uart.o(i.Uart_ClrStatus)
    Uart_EnableFunc                          0x00006863   Thumb Code    20  uart.o(i.Uart_EnableFunc)
    Uart_EnableIrq                           0x00006877   Thumb Code    20  uart.o(i.Uart_EnableIrq)
    Uart_GetStatus                           0x0000688b   Thumb Code    24  uart.o(i.Uart_GetStatus)
    Uart_Init                                0x000068a5   Thumb Code   144  uart.o(i.Uart_Init)
    Uart_ReceiveData                         0x00006939   Thumb Code     8  uart.o(i.Uart_ReceiveData)
    Uart_SendDataPoll                        0x00006941   Thumb Code    58  uart.o(i.Uart_SendDataPoll)
    VC0_IRQHandler                           0x0000697b   Thumb Code     8  interrupts_hc32l13x.o(i.VC0_IRQHandler)
    VC1_IRQHandler                           0x00006983   Thumb Code     8  interrupts_hc32l13x.o(i.VC1_IRQHandler)
    WDT_IRQHandler                           0x0000698b   Thumb Code     8  interrupts_hc32l13x.o(i.WDT_IRQHandler)
    Wdt_Feed                                 0x00006995   Thumb Code    12  wdt.o(i.Wdt_Feed)
    Wdt_Init                                 0x000069a5   Thumb Code    40  wdt.o(i.Wdt_Init)
    Wdt_Start                                0x000069d1   Thumb Code    12  wdt.o(i.Wdt_Start)
    Wdt_WriteWdtLoad                         0x000069e1   Thumb Code    20  wdt.o(i.Wdt_WriteWdtLoad)
    __ARM_common_switch8                     0x00006a91   Thumb Code    28  sysctrl.o(i.__ARM_common_switch8)
    _sys_exit                                0x00006b25   Thumb Code     4  ddl.o(i._sys_exit)
    _ttywrch                                 0x00006b29   Thumb Code     2  ddl.o(i._ttywrch)
    ddl_memclr                               0x00006b2b   Thumb Code    32  ddl.o(i.ddl_memclr)
    delay10us                                0x00006b4d   Thumb Code    74  ddl.o(i.delay10us)
    delay1ms                                 0x00006ba9   Thumb Code    76  ddl.o(i.delay1ms)
    $Super$$main                             0x00006cb5   Thumb Code   104  main.o(i.main)
    __aeabi_fadd                             0x00006d25   Thumb Code     0  faddsub.o(x$fpl$fadd)
    _fadd                                    0x00006d25   Thumb Code   134  faddsub.o(x$fpl$fadd)
    __aeabi_fsub                             0x00006db1   Thumb Code     0  faddsub.o(x$fpl$fsub)
    _fsub                                    0x00006db1   Thumb Code   204  faddsub.o(x$fpl$fsub)
    __I$use$fp                               0x00006e80   Number         0  usenofp.o(x$fpl$usenofp)
    pu32PcgTimer4M                           0x00006e98   Data          32  flash.o(.constdata)
    GPIO_COL_PROT                            0x00006ecc   Data          16  app_key.o(.constdata)
    GPIO_COL_PIN                             0x00006edc   Data          16  app_key.o(.constdata)
    GPIO_ROW_PROT                            0x00006eec   Data          14  app_key.o(.constdata)
    GPIO_ROW_PIN                             0x00006efa   Data          14  app_key.o(.constdata)
    Region$$Table$$Base                      0x00006f48   Number         0  anon$$obj.o(Region$$Table)
    Region$$Table$$Limit                     0x00006f68   Number         0  anon$$obj.o(Region$$Table)
    SystemCoreClock                          0x20000000   Data           4  system_hc32l13x.o(.data)
    Led_timecount                            0x20000004   Data           2  bsp_time.o(.data)
    u8RxData                                 0x20000006   Data           1  bsp_uart.o(.data)
    u8LPRxData                               0x20000007   Data           1  bsp_uart.o(.data)
    TouchRbit                                0x20000008   Data           1  bsp_touch.o(.data)
    LPSendInterruptbit                       0x20000009   Data           1  bsp_touch.o(.data)
    TouchSbit                                0x2000000a   Data           1  bsp_touch.o(.data)
    TouchUbit                                0x2000000b   Data           1  bsp_touch.o(.data)
    TouchCountD                              0x2000000c   Data           1  bsp_touch.o(.data)
    TouchCountU                              0x2000000d   Data           1  bsp_touch.o(.data)
    X_Touch_val                              0x2000000e   Data           2  bsp_touch.o(.data)
    Y_Touch_val                              0x20000010   Data           2  bsp_touch.o(.data)
    count_key                                0x20000012   Data           1  app_key.o(.data)
    count_key2                               0x20000013   Data           1  app_key.o(.data)
    g_bKeyPress                              0x20000014   Data           1  app_key.o(.data)
    a                                        0x20000016   Data           2  app_key.o(.data)
    b                                        0x20000018   Data           2  app_key.o(.data)
    c                                        0x2000001a   Data           2  app_key.o(.data)
    a1                                       0x2000001c   Data           2  app_key.o(.data)
    b1                                       0x2000001e   Data           2  app_key.o(.data)
    c1                                       0x20000020   Data           2  app_key.o(.data)
    key_down                                 0x20000023   Data           7  app_key.o(.data)
    key_down1                                0x2000002a   Data           7  app_key.o(.data)
    Uart0Send_Key                            0x20000031   Data           1  app_key.o(.data)
    VM_KEY_10                                0x20000032   Data          48  app_key.o(.data)
    VM_KEY_07                                0x20000062   Data          48  app_key.o(.data)
    g_KeyInfo                                0x20000092   Data           7  app_key.o(.data)
    flashaddr                                0x2000009c   Data           4  app_cmd.o(.data)
    Baudddr                                  0x200000a0   Data           4  app_cmd.o(.data)
    FlashLen                                 0x200000a4   Data           2  app_cmd.o(.data)
    F_Crc16_L                                0x200000a6   Data           1  app_cmd.o(.data)
    F_Crc16_H                                0x200000a7   Data           1  app_cmd.o(.data)
    W_Flash_s                                0x200000a8   Data           1  app_cmd.o(.data)
    R_Flash_s                                0x200000a9   Data           1  app_cmd.o(.data)
    Key_Inquire                              0x200000aa   Data           1  app_cmd.o(.data)
    Version_Inquire                          0x200000ab   Data           1  app_cmd.o(.data)
    Toggle                                   0x200000ac   Data           1  app_cmd.o(.data)
    ToggleAN                                 0x200000ad   Data           1  app_cmd.o(.data)
    DataoutTime                              0x200000ae   Data           2  app_cmd.o(.data)
    ToggleAsk                                0x200000b7   Data           5  app_uart0.o(.data)
    FlashWSAsk                               0x200000bc   Data           2  app_uart0.o(.data)
    LPrevouttiem                             0x200000be   Data           2  app.lpuart.o(.data)
    GPRSDataLen                              0x200000c0   Data           2  app.lpuart.o(.data)
    GPRSDatabit                              0x200000c2   Data           1  app.lpuart.o(.data)
    Head_bit                                 0x200000c3   Data           1  app.lpuart.o(.data)
    Tailend_bit                              0x200000c4   Data           1  app.lpuart.o(.data)
    DataCountRev                             0x200000c6   Data           2  app.lpuart.o(.data)
    Getpack_end                              0x200000c8   Data           1  app.lpuart.o(.data)
    LPSendLen                                0x200000c9   Data           1  app.lpuart.o(.data)
    GpFlashWSAsk                             0x200000ca   Data           5  app_gpsuart0.o(.data)
    GpToggleAsk                              0x200000cf   Data           5  app_gpsuart0.o(.data)
    GpSysRest                                0x200000d4   Data           4  app_gpsuart0.o(.data)
    Gps_RevCount                             0x200000d8   Data           2  app_gprscmd.o(.data)
    GPHeadbit                                0x200000da   Data           1  app_gprscmd.o(.data)
    GPRevoutTime                             0x200000dc   Data           2  app_gprscmd.o(.data)
    GpTogshakeTime                           0x200000de   Data           1  app_gprscmd.o(.data)
    GpTouchRbit                              0x200000df   Data           1  app_gprscmd.o(.data)
    GpVersion_Inquire                        0x200000e0   Data           1  app_gprscmd.o(.data)
    GpW_Flash_s                              0x200000e2   Data           1  app_gprscmd.o(.data)
    GpR_Flash_s                              0x200000e3   Data           1  app_gprscmd.o(.data)
    Penetratebit                             0x200000e4   Data           1  app_gprscmd.o(.data)
    GpKey_Inquire                            0x200000e5   Data           1  app_gprscmd.o(.data)
    NumberEscapes                            0x200000e6   Data           2  app_gprscmd.o(.data)
    GpSystemRest                             0x200000e8   Data           1  app_gprscmd.o(.data)
    g_iLcdType                               0x200000eb   Data           1  main.o(.data)
    Uart_revQueuebuff                        0x200000ec   Data          16  bsp_uart.o(.bss)
    Uart_MS                                  0x200000fc   Data         320  bsp_uart.o(.bss)
    LPUart_revQueue                          0x2000023c   Data          16  bsp_uart.o(.bss)
    LPUart_GPS                               0x2000024c   Data        2048  bsp_uart.o(.bss)
    flashdtata                               0x20000a4c   Data         100  app_cmd.o(.bss)
    Rflashdtata                              0x20000ab0   Data         100  app_cmd.o(.bss)
    Gps_PackDtata                            0x20000b14   Data         200  app_gprscmd.o(.bss)
    Gps_TranslatePackDtata                   0x20000bdc   Data         200  app_gprscmd.o(.bss)
    __libspace_start                         0x20000ca4   Data          96  libspace.o(.bss)
    __temporary_stack_top$libspace           0x20000d04   Data           0  libspace.o(.bss)



==============================================================================

Memory Map of the image

  Image Entry point : 0x00003105

  Load Region LR_IROM1 (Base: 0x00002c00, Size: 0x00004454, Max: 0x00006000, ABSOLUTE)

    Execution Region ER_IROM1 (Base: 0x00002c00, Size: 0x00004368, Max: 0x00006000, ABSOLUTE)

    Base Addr    Size         Type   Attr      Idx    E Section Name        Object

    0x00002c00   0x00000504   Data   RO          331    RESET               startup_hc32l13x.o
    0x00003104   0x00000008   Code   RO         2509  * !!!main             c_p.l(__main.o)
    0x0000310c   0x0000003c   Code   RO         2732    !!!scatter          c_p.l(__scatter.o)
    0x00003148   0x0000001a   Code   RO         2734    !!handler_copy      c_p.l(__scatter_copy.o)
    0x00003162   0x00000002   PAD
    0x00003164   0x0000001c   Code   RO         2736    !!handler_zi        c_p.l(__scatter_zi.o)
    0x00003180   0x00000002   Code   RO         2674    .ARM.Collect$$libinit$$00000000  c_p.l(libinit.o)
    0x00003182   0x00000000   Code   RO         2561    .ARM.Collect$$libinit$$00000002  c_p.l(libinit2.o)
    0x00003182   0x00000000   Code   RO         2563    .ARM.Collect$$libinit$$00000004  c_p.l(libinit2.o)
    0x00003182   0x00000008   Code   RO         2564    .ARM.Collect$$libinit$$00000005  c_p.l(libinit2.o)
    0x0000318a   0x00000000   Code   RO         2566    .ARM.Collect$$libinit$$0000000A  c_p.l(libinit2.o)
    0x0000318a   0x00000000   Code   RO         2568    .ARM.Collect$$libinit$$0000000C  c_p.l(libinit2.o)
    0x0000318a   0x00000000   Code   RO         2570    .ARM.Collect$$libinit$$0000000E  c_p.l(libinit2.o)
    0x0000318a   0x00000000   Code   RO         2573    .ARM.Collect$$libinit$$00000011  c_p.l(libinit2.o)
    0x0000318a   0x00000000   Code   RO         2575    .ARM.Collect$$libinit$$00000013  c_p.l(libinit2.o)
    0x0000318a   0x00000000   Code   RO         2577    .ARM.Collect$$libinit$$00000015  c_p.l(libinit2.o)
    0x0000318a   0x00000000   Code   RO         2579    .ARM.Collect$$libinit$$00000017  c_p.l(libinit2.o)
    0x0000318a   0x00000000   Code   RO         2581    .ARM.Collect$$libinit$$00000019  c_p.l(libinit2.o)
    0x0000318a   0x00000000   Code   RO         2583    .ARM.Collect$$libinit$$0000001B  c_p.l(libinit2.o)
    0x0000318a   0x00000000   Code   RO         2585    .ARM.Collect$$libinit$$0000001D  c_p.l(libinit2.o)
    0x0000318a   0x00000000   Code   RO         2587    .ARM.Collect$$libinit$$0000001F  c_p.l(libinit2.o)
    0x0000318a   0x00000000   Code   RO         2589    .ARM.Collect$$libinit$$00000021  c_p.l(libinit2.o)
    0x0000318a   0x00000000   Code   RO         2591    .ARM.Collect$$libinit$$00000023  c_p.l(libinit2.o)
    0x0000318a   0x00000000   Code   RO         2593    .ARM.Collect$$libinit$$00000025  c_p.l(libinit2.o)
    0x0000318a   0x00000000   Code   RO         2597    .ARM.Collect$$libinit$$0000002C  c_p.l(libinit2.o)
    0x0000318a   0x00000000   Code   RO         2599    .ARM.Collect$$libinit$$0000002E  c_p.l(libinit2.o)
    0x0000318a   0x00000000   Code   RO         2601    .ARM.Collect$$libinit$$00000030  c_p.l(libinit2.o)
    0x0000318a   0x00000000   Code   RO         2603    .ARM.Collect$$libinit$$00000032  c_p.l(libinit2.o)
    0x0000318a   0x00000002   Code   RO         2604    .ARM.Collect$$libinit$$00000033  c_p.l(libinit2.o)
    0x0000318c   0x00000002   Code   RO         2729    .ARM.Collect$$libshutdown$$00000000  c_p.l(libshutdown.o)
    0x0000318e   0x00000000   Code   RO         2689    .ARM.Collect$$libshutdown$$00000002  c_p.l(libshutdown2.o)
    0x0000318e   0x00000000   Code   RO         2691    .ARM.Collect$$libshutdown$$00000004  c_p.l(libshutdown2.o)
    0x0000318e   0x00000000   Code   RO         2694    .ARM.Collect$$libshutdown$$00000007  c_p.l(libshutdown2.o)
    0x0000318e   0x00000000   Code   RO         2697    .ARM.Collect$$libshutdown$$0000000A  c_p.l(libshutdown2.o)
    0x0000318e   0x00000000   Code   RO         2699    .ARM.Collect$$libshutdown$$0000000C  c_p.l(libshutdown2.o)
    0x0000318e   0x00000000   Code   RO         2702    .ARM.Collect$$libshutdown$$0000000F  c_p.l(libshutdown2.o)
    0x0000318e   0x00000002   Code   RO         2703    .ARM.Collect$$libshutdown$$00000010  c_p.l(libshutdown2.o)
    0x00003190   0x00000000   Code   RO         2528    .ARM.Collect$$rtentry$$00000000  c_p.l(__rtentry.o)
    0x00003190   0x00000000   Code   RO         2612    .ARM.Collect$$rtentry$$00000002  c_p.l(__rtentry2.o)
    0x00003190   0x00000006   Code   RO         2624    .ARM.Collect$$rtentry$$00000004  c_p.l(__rtentry4.o)
    0x00003196   0x00000000   Code   RO         2614    .ARM.Collect$$rtentry$$00000009  c_p.l(__rtentry2.o)
    0x00003196   0x00000004   Code   RO         2615    .ARM.Collect$$rtentry$$0000000A  c_p.l(__rtentry2.o)
    0x0000319a   0x00000000   Code   RO         2617    .ARM.Collect$$rtentry$$0000000C  c_p.l(__rtentry2.o)
    0x0000319a   0x00000008   Code   RO         2618    .ARM.Collect$$rtentry$$0000000D  c_p.l(__rtentry2.o)
    0x000031a2   0x00000002   Code   RO         2676    .ARM.Collect$$rtexit$$00000000  c_p.l(rtexit.o)
    0x000031a4   0x00000000   Code   RO         2705    .ARM.Collect$$rtexit$$00000002  c_p.l(rtexit2.o)
    0x000031a4   0x00000004   Code   RO         2706    .ARM.Collect$$rtexit$$00000003  c_p.l(rtexit2.o)
    0x000031a8   0x00000006   Code   RO         2707    .ARM.Collect$$rtexit$$00000004  c_p.l(rtexit2.o)
    0x000031ae   0x00000002   PAD
    0x000031b0   0x00000038   Code   RO         2497    .emb_text           c_p.l(rt_memcpy.o)
    0x000031e8   0x00000000   Code   RO         2630    .emb_text           c_p.l(maybetermalloc1.o)
    0x000031e8   0x0000005c   Code   RO          332    .text               startup_hc32l13x.o
    0x00003244   0x00000002   Code   RO         2433    .text               c_p.l(use_no_semi_2.o)
    0x00003246   0x00000062   Code   RO         2439    .text               c_p.l(h1_alloc.o)
    0x000032a8   0x0000004c   Code   RO         2441    .text               c_p.l(h1_free.o)
    0x000032f4   0x00000040   Code   RO         2501    .text               c_p.l(rt_memclr.o)
    0x00003334   0x0000015a   Code   RO         2503    .text               c_p.l(aeabi_sdiv.o)
    0x0000348e   0x00000006   Code   RO         2507    .text               c_p.l(heapauxi.o)
    0x00003494   0x00000160   Code   RO         2517    .text               fz_ps.l(fdiv.o)
    0x000035f4   0x00000030   Code   RO         2520    .text               fz_ps.l(ffixui.o)
    0x00003624   0x0000005e   Code   RO         2522    .text               fz_ps.l(fflti.o)
    0x00003682   0x00000002   Code   RO         2524    .text               c_p.l(use_no_semi.o)
    0x00003684   0x00000008   Code   RO         2536    .text               c_p.l(rt_heap_descriptor_intlibspace.o)
    0x0000368c   0x00000004   Code   RO         2538    .text               c_p.l(hguard.o)
    0x00003690   0x00000088   Code   RO         2540    .text               c_p.l(init_alloc.o)
    0x00003718   0x0000000e   Code   RO         2544    .text               c_p.l(h1_init.o)
    0x00003726   0x00000002   PAD
    0x00003728   0x00000008   Code   RO         2608    .text               c_p.l(libspace.o)
    0x00003730   0x00000034   Code   RO         2632    .text               c_p.l(h1_extend.o)
    0x00003764   0x0000000c   Code   RO         2636    .text               c_p.l(defsig_rtmem_outer.o)
    0x00003770   0x0000003e   Code   RO         2648    .text               c_p.l(sys_stackheap_outer.o)
    0x000037ae   0x00000010   Code   RO         2655    .text               c_p.l(exit.o)
    0x000037be   0x0000000c   Code   RO         2657    .text               c_p.l(defsig_exit.o)
    0x000037ca   0x00000002   PAD
    0x000037cc   0x00000050   Code   RO         2663    .text               c_p.l(defsig_rtmem_inner.o)
    0x0000381c   0x00000034   Code   RO         2684    .text               c_p.l(defsig_general.o)
    0x00003850   0x0000000e   Code   RO            3    i.$Sub$$main        system_hc32l13x.o
    0x0000385e   0x00000008   Code   RO           95    i.ADC_IRQHandler    interrupts_hc32l13x.o
    0x00003866   0x0000002c   Code   RO          338    i.Backlight_init    bsp_gpio.o
    0x00003892   0x00000002   PAD
    0x00003894   0x00000048   Code   RO         2405    i.Bsp_Init          main.o
    0x000038dc   0x0000001c   Code   RO         1249    i.Bt_ClearIntFlag   bt.o
    0x000038f8   0x0000001c   Code   RO         1250    i.Bt_GetIntFlag     bt.o
    0x00003914   0x00000020   Code   RO         1251    i.Bt_M0_ARRSet      bt.o
    0x00003934   0x00000020   Code   RO         1253    i.Bt_M0_Cnt16Set    bt.o
    0x00003954   0x0000001c   Code   RO         1258    i.Bt_M0_Run         bt.o
    0x00003970   0x0000001c   Code   RO         1292    i.Bt_Mode0_EnableIrq  bt.o
    0x0000398c   0x00000098   Code   RO         1293    i.Bt_Mode0_Init     bt.o
    0x00003a24   0x0000002c   Code   RO          339    i.Buzz_init         bsp_gpio.o
    0x00003a50   0x00000008   Code   RO           96    i.CLKTRIM_IRQHandler  interrupts_hc32l13x.o
    0x00003a58   0x0000003c   Code   RO         2073    i.CRC16             app_cmd.o
    0x00003a94   0x00000024   Code   RO         2194    i.Clearpackbit      app.lpuart.o
    0x00003ab8   0x00000034   Code   RO          420    i.ClerlCMD_TimeCount  bsp_time.o
    0x00003aec   0x00000024   Code   RO          421    i.ClerlTouch_TimeCount  bsp_time.o
    0x00003b10   0x0000001c   Code   RO          422    i.Clerlkey_TimeCount  bsp_time.o
    0x00003b2c   0x000001d0   Code   RO         2074    i.CmdTask1          app_cmd.o
    0x00003cfc   0x000000b8   Code   RO         2075    i.Cmd_Flash         app_cmd.o
    0x00003db4   0x0000000a   Code   RO         2076    i.Cmd_Task          app_cmd.o
    0x00003dbe   0x00000002   PAD
    0x00003dc0   0x00000074   Code   RO         2077    i.Cmd_char          app_cmd.o
    0x00003e34   0x00000008   Code   RO           97    i.DMAC_IRQHandler   interrupts_hc32l13x.o
    0x00003e3c   0x00000038   Code   RO         2195    i.Data_escape       app.lpuart.o
    0x00003e74   0x0000002c   Code   RO          659    i.DeQueue           queue.o
    0x00003ea0   0x0000002a   Code   RO          660    i.EnQueue           queue.o
    0x00003eca   0x00000002   PAD
    0x00003ecc   0x00000080   Code   RO           98    i.EnableNvic        interrupts_hc32l13x.o
    0x00003f4c   0x0000000c   Code   RO           99    i.FLASH_RAM_IRQHandler  interrupts_hc32l13x.o
    0x00003f58   0x000000cc   Code   RO         1152    i.Flash_Init        flash.o
    0x00004024   0x0000001c   Code   RO         1153    i.Flash_LockAll     flash.o
    0x00004040   0x00000094   Code   RO         2078    i.Flash_SaveErase   app_cmd.o
    0x000040d4   0x000000b0   Code   RO         1155    i.Flash_SectorErase  flash.o
    0x00004184   0x00000020   Code   RO         1156    i.Flash_UnlockAll   flash.o
    0x000041a4   0x00000034   Code   RO         1157    i.Flash_WaitCycle   flash.o
    0x000041d8   0x000000b0   Code   RO         1158    i.Flash_WriteByte   flash.o
    0x00004288   0x00000078   Code   RO         2079    i.Flash_r           app_cmd.o
    0x00004300   0x00000006   Code   RO          567    i.Flash_readBy      bsp_flash.o
    0x00004306   0x00000002   PAD
    0x00004308   0x00000084   Code   RO         2080    i.Flash_w           app_cmd.o
    0x0000438c   0x00000026   Code   RO          568    i.Flash_writeBy     bsp_flash.o
    0x000043b2   0x000000bc   Code   RO          340    i.GPIO_Key_init     bsp_gpio.o
    0x0000446e   0x00000002   PAD
    0x00004470   0x000000f4   Code   RO         2196    i.GPRSRev_data      app.lpuart.o
    0x00004564   0x00000080   Code   RO         1967    i.GPSendKeyInfo     app_key.o
    0x000045e4   0x00000034   Code   RO         2324    i.GPclearData       app_gprscmd.o
    0x00004618   0x000000a4   Code   RO         2325    i.GPdataTranslate   app_gprscmd.o
    0x000046bc   0x0000000c   Code   RO          875    i.GetBit            ddl.o
    0x000046c8   0x0000004c   Code   RO         2081    i.GetBuffCmd        app_cmd.o
    0x00004714   0x0000008c   Code   RO         2326    i.GetGpsPack        app_gprscmd.o
    0x000047a0   0x0000002c   Code   RO         1968    i.GetKeyScanCode    app_key.o
    0x000047cc   0x0000005a   Code   RO          341    i.GetLcdType        bsp_gpio.o
    0x00004826   0x00000002   PAD
    0x00004828   0x00000038   Code   RO         1969    i.GetSelectCol      app_key.o
    0x00004860   0x000000a0   Code   RO         2197    i.Get_Data_HTL      app.lpuart.o
    0x00004900   0x0000007c   Code   RO         2198    i.Getpackheadlen    app.lpuart.o
    0x0000497c   0x0000009c   Code   RO         2327    i.GpCmd_char        app_gprscmd.o
    0x00004a18   0x00000068   Code   RO         2328    i.GpFlashW          app_gprscmd.o
    0x00004a80   0x00000048   Code   RO         2329    i.GpFlash_r         app_gprscmd.o
    0x00004ac8   0x0000008c   Code   RO         2330    i.GpRsacketProcessing  app_gprscmd.o
    0x00004b54   0x0000006c   Code   RO         2043    i.GpSendInformation  app_version.o
    0x00004bc0   0x0000009c   Code   RO         2256    i.GpSend_Flash_rD   app_gpsuart0.o
    0x00004c5c   0x0000001e   Code   RO         2257    i.GpSend_Uart0      app_gpsuart0.o
    0x00004c7a   0x00000002   PAD
    0x00004c7c   0x00000094   Code   RO         2258    i.GpSend_XY         app_gpsuart0.o
    0x00004d10   0x0000001c   Code   RO          977    i.Gpio_ClearIrq     gpio.o
    0x00004d2c   0x0000001c   Code   RO          978    i.Gpio_ClrIO        gpio.o
    0x00004d48   0x00000018   Code   RO          983    i.Gpio_GetInputIO   gpio.o
    0x00004d60   0x00000018   Code   RO          984    i.Gpio_GetIrqStatus  gpio.o
    0x00004d78   0x00000090   Code   RO          985    i.Gpio_Init         gpio.o
    0x00004e08   0x00000014   Code   RO          987    i.Gpio_SetAfMode    gpio.o
    0x00004e1c   0x0000001c   Code   RO          990    i.Gpio_SetIO        gpio.o
    0x00004e38   0x000000dc   Code   RO         2331    i.GprsCmd_Task      app_gprscmd.o
    0x00004f14   0x00000180   Code   RO         2259    i.GpsSend_Data_Uart  app_gpsuart0.o
    0x00005094   0x00000010   Code   RO          100    i.HardFault_Handler  interrupts_hc32l13x.o
    0x000050a4   0x00000008   Code   RO          101    i.I2C0_IRQHandler   interrupts_hc32l13x.o
    0x000050ac   0x00000008   Code   RO          102    i.I2C1_IRQHandler   interrupts_hc32l13x.o
    0x000050b4   0x0000000c   Code   RO          661    i.InitQueue         queue.o
    0x000050c0   0x00000024   Code   RO         1970    i.KeyInit           app_key.o
    0x000050e4   0x0000023c   Code   RO         1971    i.KeyScanTask       app_key.o
    0x00005320   0x00000008   Code   RO          103    i.LCD_IRQHandler    interrupts_hc32l13x.o
    0x00005328   0x00000008   Code   RO          104    i.LPTIM_IRQHandler  interrupts_hc32l13x.o
    0x00005330   0x00000008   Code   RO          105    i.LPUART0_IRQHandler  interrupts_hc32l13x.o
    0x00005338   0x00000008   Code   RO          106    i.LPUART1_IRQHandler  interrupts_hc32l13x.o
    0x00005340   0x00000016   Code   RO         1686    i.LPUart_ClrStatus  lpuart.o
    0x00005356   0x00000014   Code   RO         1688    i.LPUart_DisableIrq  lpuart.o
    0x0000536a   0x00000014   Code   RO         1689    i.LPUart_EnableFunc  lpuart.o
    0x0000537e   0x00000014   Code   RO         1690    i.LPUart_EnableIrq  lpuart.o
    0x00005392   0x00000018   Code   RO         1693    i.LPUart_GetStatus  lpuart.o
    0x000053aa   0x00000002   PAD
    0x000053ac   0x00000098   Code   RO         1694    i.LPUart_Init       lpuart.o
    0x00005444   0x00000008   Code   RO         1695    i.LPUart_ReceiveData  lpuart.o
    0x0000544c   0x0000003a   Code   RO         1697    i.LPUart_SendData   lpuart.o
    0x00005486   0x00000008   Code   RO          107    i.LVD_IRQHandler    interrupts_hc32l13x.o
    0x0000548e   0x0000002e   Code   RO          342    i.Led_init          bsp_gpio.o
    0x000054bc   0x00000060   Code   RO          506    i.LpUart0_IRQHandler  bsp_uart.o
    0x0000551c   0x000000c4   Code   RO          507    i.Lpuart_init       bsp_uart.o
    0x000055e0   0x00000008   Code   RO          108    i.PCA_IRQHandler    interrupts_hc32l13x.o
    0x000055e8   0x00000008   Code   RO          109    i.PCNT_IRQHandler   interrupts_hc32l13x.o
    0x000055f0   0x00000008   Code   RO          110    i.PORTA_IRQHandler  interrupts_hc32l13x.o
    0x000055f8   0x00000008   Code   RO          111    i.PORTB_IRQHandler  interrupts_hc32l13x.o
    0x00005600   0x00000008   Code   RO          112    i.PORTC_IRQHandler  interrupts_hc32l13x.o
    0x00005608   0x00000008   Code   RO          113    i.PORTD_IRQHandler  interrupts_hc32l13x.o
    0x00005610   0x0000002c   Code   RO         2332    i.Pack_Classification  app_gprscmd.o
    0x0000563c   0x00000018   Code   RO          596    i.PortA_IRQHandler  bsp_touch.o
    0x00005654   0x00000012   Code   RO          662    i.QueueEmpty        queue.o
    0x00005666   0x0000001c   Code   RO          663    i.QueueFull         queue.o
    0x00005682   0x00000008   Code   RO          114    i.RTC_IRQHandler    interrupts_hc32l13x.o
    0x0000568a   0x00000002   PAD
    0x0000568c   0x00000074   Code   RO          597    i.Rev_Touch_XY      bsp_touch.o
    0x00005700   0x00000008   Code   RO          115    i.SPI0_IRQHandler   interrupts_hc32l13x.o
    0x00005708   0x00000008   Code   RO          116    i.SPI1_IRQHandler   interrupts_hc32l13x.o
    0x00005710   0x00000090   Code   RO         2260    i.ScanInteractiveState  app_gpsuart0.o
    0x000057a0   0x00000040   Code   RO          343    i.Screen_init       bsp_gpio.o
    0x000057e0   0x00000048   Code   RO         1972    i.SelectRow         app_key.o
    0x00005828   0x00000068   Code   RO         2261    i.SendData_escape   app_gpsuart0.o
    0x00005890   0x00000050   Code   RO         2044    i.SendInformation   app_version.o
    0x000058e0   0x00000068   Code   RO         1973    i.SendKeyInfo       app_key.o
    0x00005948   0x000000c4   Code   RO         2151    i.Send_Data_Uart    app_uart0.o
    0x00005a0c   0x0000005c   Code   RO         2152    i.Send_Flash_rD     app_uart0.o
    0x00005a68   0x00000020   Code   RO         2262    i.Send_LPUart0      app_gpsuart0.o
    0x00005a88   0x0000001e   Code   RO         2153    i.Send_Uart0        app_uart0.o
    0x00005aa6   0x00000002   PAD
    0x00005aa8   0x00000064   Code   RO         2154    i.Send_XY           app_uart0.o
    0x00005b0c   0x00000038   Code   RO         2199    i.Sendby            app.lpuart.o
    0x00005b44   0x000000c4   Code   RO         2200    i.SendpackHead      app.lpuart.o
    0x00005c08   0x0000001e   Code   RO          877    i.SetBit            ddl.o
    0x00005c26   0x00000008   Code   RO          117    i.SysTick_Handler   interrupts_hc32l13x.o
    0x00005c2e   0x0000006a   Code   RO          719    i.Sysctrl_ClkInit   sysctrl.o
    0x00005c98   0x0000016c   Code   RO          720    i.Sysctrl_ClkSourceEnable  sysctrl.o
    0x00005e04   0x00000174   Code   RO          721    i.Sysctrl_GetHClkFreq  sysctrl.o
    0x00005f78   0x00000020   Code   RO          722    i.Sysctrl_GetPClkFreq  sysctrl.o
    0x00005f98   0x00000028   Code   RO          725    i.Sysctrl_SetHCLKDiv  sysctrl.o
    0x00005fc0   0x00000028   Code   RO          726    i.Sysctrl_SetPCLKDiv  sysctrl.o
    0x00005fe8   0x00000114   Code   RO          727    i.Sysctrl_SetPLLFreq  sysctrl.o
    0x000060fc   0x00000024   Code   RO          728    i.Sysctrl_SetPLLStableTime  sysctrl.o
    0x00006120   0x00000018   Code   RO          729    i.Sysctrl_SetPeripheralGate  sysctrl.o
    0x00006138   0x00000024   Code   RO          731    i.Sysctrl_SetRCLStableTime  sysctrl.o
    0x0000615c   0x00000020   Code   RO          734    i.Sysctrl_SetXTHFreq  sysctrl.o
    0x0000617c   0x00000020   Code   RO          735    i.Sysctrl_SetXTHStableTime  sysctrl.o
    0x0000619c   0x00000020   Code   RO          736    i.Sysctrl_SetXTLStableTime  sysctrl.o
    0x000061bc   0x0000002c   Code   RO          737    i.Sysctrl_SysClkSwitch  sysctrl.o
    0x000061e8   0x0000001c   Code   RO          738    i.Sysctrl_XTHDriverCfg  sysctrl.o
    0x00006204   0x00000034   Code   RO          739    i.Sysctrl_XTLDriverCfg  sysctrl.o
    0x00006238   0x00000010   Code   RO            4    i.SystemCoreClockUpdate  system_hc32l13x.o
    0x00006248   0x00000040   Code   RO            5    i.SystemInit        system_hc32l13x.o
    0x00006288   0x00000088   Code   RO          394    i.Systimeclk        bsp_clk.o
    0x00006310   0x00000034   Code   RO          423    i.Systme_led        bsp_time.o
    0x00006344   0x00000008   Code   RO          118    i.TIM0_IRQHandler   interrupts_hc32l13x.o
    0x0000634c   0x00000008   Code   RO          119    i.TIM1_IRQHandler   interrupts_hc32l13x.o
    0x00006354   0x00000008   Code   RO          120    i.TIM2_IRQHandler   interrupts_hc32l13x.o
    0x0000635c   0x00000008   Code   RO          121    i.TIM3_IRQHandler   interrupts_hc32l13x.o
    0x00006364   0x00000008   Code   RO          122    i.TIM4_IRQHandler   interrupts_hc32l13x.o
    0x0000636c   0x00000008   Code   RO          123    i.TIM5_IRQHandler   interrupts_hc32l13x.o
    0x00006374   0x00000008   Code   RO          124    i.TIM6_IRQHandler   interrupts_hc32l13x.o
    0x0000637c   0x0000008c   Code   RO          599    i.TSC2046_Init      bsp_touch.o
    0x00006408   0x00000030   Code   RO          600    i.TSC2046_ReadAdc   bsp_touch.o
    0x00006438   0x0000001c   Code   RO          601    i.TSC2046_ReadAdc_XY  bsp_touch.o
    0x00006454   0x00000090   Code   RO          602    i.TSC2046_ReadCMD   bsp_touch.o
    0x000064e4   0x00000066   Code   RO          603    i.TSC2046_WriteCMD  bsp_touch.o
    0x0000654a   0x00000002   PAD
    0x0000654c   0x000000c8   Code   RO          424    i.Tim0_IRQHandler   bsp_time.o
    0x00006614   0x00000078   Code   RO          425    i.Time_init         bsp_time.o
    0x0000668c   0x00000064   Code   RO         2333    i.ToggleConfirmationHandshake  app_gprscmd.o
    0x000066f0   0x00000008   Code   RO          125    i.UART0_IRQHandler  interrupts_hc32l13x.o
    0x000066f8   0x00000008   Code   RO          126    i.UART1_IRQHandler  interrupts_hc32l13x.o
    0x00006700   0x00000078   Code   RO          509    i.Uart0_IRQHandler  bsp_uart.o
    0x00006778   0x000000d4   Code   RO          510    i.Uart0_init        bsp_uart.o
    0x0000684c   0x00000016   Code   RO         1575    i.Uart_ClrStatus    uart.o
    0x00006862   0x00000014   Code   RO         1578    i.Uart_EnableFunc   uart.o
    0x00006876   0x00000014   Code   RO         1579    i.Uart_EnableIrq    uart.o
    0x0000688a   0x00000018   Code   RO         1582    i.Uart_GetStatus    uart.o
    0x000068a2   0x00000002   PAD
    0x000068a4   0x00000094   Code   RO         1583    i.Uart_Init         uart.o
    0x00006938   0x00000008   Code   RO         1584    i.Uart_ReceiveData  uart.o
    0x00006940   0x0000003a   Code   RO         1586    i.Uart_SendDataPoll  uart.o
    0x0000697a   0x00000008   Code   RO          127    i.VC0_IRQHandler    interrupts_hc32l13x.o
    0x00006982   0x00000008   Code   RO          128    i.VC1_IRQHandler    interrupts_hc32l13x.o
    0x0000698a   0x00000008   Code   RO          129    i.WDT_IRQHandler    interrupts_hc32l13x.o
    0x00006992   0x00000002   PAD
    0x00006994   0x00000010   Code   RO         1902    i.Wdt_Feed          wdt.o
    0x000069a4   0x0000002c   Code   RO         1904    i.Wdt_Init          wdt.o
    0x000069d0   0x00000010   Code   RO         1908    i.Wdt_Start         wdt.o
    0x000069e0   0x00000018   Code   RO         1909    i.Wdt_WriteWdtLoad  wdt.o
    0x000069f8   0x00000080   Code   RO            6    i._HidePinInit      system_hc32l13x.o
    0x00006a78   0x00000018   Code   RO          740    i._SysctrlUnlock    sysctrl.o
    0x00006a90   0x0000001c   Code   RO          865    i.__ARM_common_switch8  sysctrl.o
    0x00006aac   0x00000078   Code   RO          130    i.__NVIC_SetPriority  interrupts_hc32l13x.o
    0x00006b24   0x00000004   Code   RO          879    i._sys_exit         ddl.o
    0x00006b28   0x00000002   Code   RO          880    i._ttywrch          ddl.o
    0x00006b2a   0x00000020   Code   RO          881    i.ddl_memclr        ddl.o
    0x00006b4a   0x00000002   PAD
    0x00006b4c   0x0000005c   Code   RO          883    i.delay10us         ddl.o
    0x00006ba8   0x00000058   Code   RO          884    i.delay1ms          ddl.o
    0x00006c00   0x0000003a   Code   RO         1974    i.key_is_change     app_key.o
    0x00006c3a   0x00000018   Code   RO         1975    i.key_is_down       app_key.o
    0x00006c52   0x00000062   Code   RO         1976    i.key_scan_row      app_key.o
    0x00006cb4   0x00000070   Code   RO         2406    i.main              main.o
    0x00006d24   0x0000008c   Code   RO         2511    x$fpl$fadd          fz_ps.l(faddsub.o)
    0x00006db0   0x000000d0   Code   RO         2513    x$fpl$fsub          fz_ps.l(faddsub.o)
    0x00006e80   0x00000000   Code   RO         2605    x$fpl$usenofp       fz_ps.l(usenofp.o)
    0x00006e80   0x00000018   Data   RO          741    .constdata          sysctrl.o
    0x00006e98   0x00000020   Data   RO         1161    .constdata          flash.o
    0x00006eb8   0x00000008   Data   RO         1590    .constdata          uart.o
    0x00006ec0   0x0000000c   Data   RO         1702    .constdata          lpuart.o
    0x00006ecc   0x0000003c   Data   RO         1977    .constdata          app_key.o
    0x00006f08   0x00000040   Data   RO         2518    .constdata          fz_ps.l(fdiv.o)
    0x00006f48   0x00000020   Data   RO         2730    Region$$Table       anon$$obj.o


    Execution Region RW_IRAM1 (Base: 0x20000000, Size: 0x00001108, Max: 0x00002000, ABSOLUTE)

    Base Addr    Size         Type   Attr      Idx    E Section Name        Object

    0x20000000   0x00000004   Data   RW            7    .data               system_hc32l13x.o
    0x20000004   0x00000002   Data   RW          426    .data               bsp_time.o
    0x20000006   0x00000002   Data   RW          512    .data               bsp_uart.o
    0x20000008   0x0000000a   Data   RW          604    .data               bsp_touch.o
    0x20000012   0x00000087   Data   RW         1978    .data               app_key.o
    0x20000099   0x00000003   PAD
    0x2000009c   0x0000001b   Data   RW         2083    .data               app_cmd.o
    0x200000b7   0x00000007   Data   RW         2155    .data               app_uart0.o
    0x200000be   0x0000000c   Data   RW         2201    .data               app.lpuart.o
    0x200000ca   0x0000000e   Data   RW         2263    .data               app_gpsuart0.o
    0x200000d8   0x00000013   Data   RW         2335    .data               app_gprscmd.o
    0x200000eb   0x00000001   Data   RW         2407    .data               main.o
    0x200000ec   0x00000960   Zero   RW          511    .bss                bsp_uart.o
    0x20000a4c   0x000000c8   Zero   RW         2082    .bss                app_cmd.o
    0x20000b14   0x00000190   Zero   RW         2334    .bss                app_gprscmd.o
    0x20000ca4   0x00000060   Zero   RW         2609    .bss                c_p.l(libspace.o)
    0x20000d04   0x00000004   PAD
    0x20000d08   0x00000200   Zero   RW          330    HEAP                startup_hc32l13x.o
    0x20000f08   0x00000200   Zero   RW          329    STACK               startup_hc32l13x.o


==============================================================================

Image component sizes


      Code (inc. data)   RO Data    RW Data    ZI Data      Debug   Object Name

       872         94          0         12          0       4535   app.lpuart.o
      1310        150          0         27        200       6407   app_cmd.o
      1192        162          0         19        400       6640   app_gprscmd.o
       998        158          0         14          0      12148   app_gpsuart0.o
      1192        118         60        135          0       7450   app_key.o
       418         76          0          7          0       2675   app_uart0.o
       188         12          0          0          0        902   app_version.o
       136          6          0          0          0        941   bsp_clk.o
        44          0          0          0          0       1003   bsp_flash.o
       476          0          0          0          0       5883   bsp_gpio.o
       488         76          0          2          0      10987   bsp_time.o
       602         24          0         10          0       4245   bsp_touch.o
       624         46          0          2       2400       4814   bsp_uart.o
       328         34          0          0          0       4355   bt.o
       260         30          0          0          0       3685   ddl.o
       668         92         32          0          0       4576   flash.o
       296         48          0          0          0       4113   gpio.o
       532         18          0          0          0      23648   interrupts_hc32l13x.o
       324          4         12          0          0       4890   lpuart.o
       184         14          0          1          0       1072   main.o
       144          0          0          0          0       2845   queue.o
        92         42       1284          0       1024        580   startup_hc32l13x.o
      1598        134         24          0          0      10717   sysctrl.o
       222         30          0          4          0     127736   system_hc32l13x.o
       300          4          8          0          0       4268   uart.o
       100         16          0          0          0       2273   wdt.o

    ----------------------------------------------------------------------
     13616       1388       1452        236       4024     263388   Object Totals
         0          0         32          0          0          0   (incl. Generated)
        28          0          0          3          0          0   (incl. Padding)

    ----------------------------------------------------------------------

      Code (inc. data)   RO Data    RW Data    ZI Data      Debug   Library Member Name

         8          0          0          0          0         68   __main.o
         0          0          0          0          0          0   __rtentry.o
        12          0          0          0          0          0   __rtentry2.o
         6          0          0          0          0          0   __rtentry4.o
        60          8          0          0          0          0   __scatter.o
        26          0          0          0          0          0   __scatter_copy.o
        28          0          0          0          0          0   __scatter_zi.o
       346          0          0          0          0         92   aeabi_sdiv.o
        12          0          0          0          0         68   defsig_exit.o
        52          0          0          0          0         72   defsig_general.o
        80         58          0          0          0         68   defsig_rtmem_inner.o
        12          0          0          0          0         68   defsig_rtmem_outer.o
        16          0          0          0          0         68   exit.o
        98          0          0          0          0         72   h1_alloc.o
        52          0          0          0          0         68   h1_extend.o
        76          0          0          0          0         72   h1_free.o
        14          0          0          0          0         76   h1_init.o
         6          0          0          0          0        136   heapauxi.o
         4          0          0          0          0        120   hguard.o
       136          0          0          0          0        160   init_alloc.o
         2          0          0          0          0          0   libinit.o
        10          0          0          0          0          0   libinit2.o
         2          0          0          0          0          0   libshutdown.o
         2          0          0          0          0          0   libshutdown2.o
         8          4          0          0         96         68   libspace.o
         0          0          0          0          0          0   maybetermalloc1.o
         8          4          0          0          0         68   rt_heap_descriptor_intlibspace.o
        64          0          0          0          0        108   rt_memclr.o
        56          0          0          0          0         68   rt_memcpy.o
         2          0          0          0          0          0   rtexit.o
        10          0          0          0          0          0   rtexit2.o
        62          0          0          0          0         80   sys_stackheap_outer.o
         2          0          0          0          0         68   use_no_semi.o
         2          0          0          0          0         68   use_no_semi_2.o
       348          8          0          0          0        160   faddsub.o
       352         10         64          0          0         92   fdiv.o
        48          0          0          0          0         60   ffixui.o
        94          0          0          0          0         92   fflti.o
         0          0          0          0          0          0   usenofp.o

    ----------------------------------------------------------------------
      2124         92         64          0        100       2140   Library Totals
         8          0          0          0          4          0   (incl. Padding)

    ----------------------------------------------------------------------

      Code (inc. data)   RO Data    RW Data    ZI Data      Debug   Library Name

      1274         74          0          0         96       1736   c_p.l
       842         18         64          0          0        404   fz_ps.l

    ----------------------------------------------------------------------
      2124         92         64          0        100       2140   Library Totals

    ----------------------------------------------------------------------

==============================================================================


      Code (inc. data)   RO Data    RW Data    ZI Data      Debug   

     15740       1480       1516        236       4124     256500   Grand Totals
     15740       1480       1516        236       4124     256500   ELF Image Totals
     15740       1480       1516        236          0          0   ROM Totals

==============================================================================

    Total RO  Size (Code + RO Data)                17256 (  16.85kB)
    Total RW  Size (RW Data + ZI Data)              4360 (   4.26kB)
    Total ROM Size (Code + RO Data + RW Data)      17492 (  17.08kB)

==============================================================================

