<html>
<body>
<pre>
<h1>µVision Build Log</h1>
<h2>Tool Versions:</h2>
IDE-Version: ¦ÌVision V5.21.1.0
Copyright (C) 2016 ARM Ltd and ARM Germany GmbH. All rights reserved.
License Information: w admin, w, LIC=65ISZ-J4YEW-74TS0-B1X5Q-FC8LF-K7JIF
 
Tool Versions:
Toolchain:       MDK-ARM Plus  Version: 5.21a
Toolchain Path:  E:\kail\ARM\ARMCC\Bin
C Compiler:      Armcc.exe V5.06 update 3 (build 300)
Assembler:       Armasm.exe V5.06 update 3 (build 300)
Linker/Locator:  ArmLink.exe V5.06 update 3 (build 300)
Library Manager: ArmAr.exe V5.06 update 3 (build 300)
Hex Converter:   FromElf.exe V5.06 update 3 (build 300)
CPU DLL:         SARMCM3.DLL V5.21a
Dialog DLL:      DARMCM1.DLL V1.14.0.0
Target DLL:      Segger\JL2CM3.dll V2.99.23.0
Dialog DLL:      TARMCM1.DLL V1.10.0.0
 
<h2>Project:</h2>
C:\Users\admin\Desktop\E723\kail\E723.uvprojx
Project File Date:  06/29/2022

<h2>Output:</h2>
*** Using Compiler 'V5.06 update 3 (build 300)', folder: 'E:\kail\ARM\ARMCC\Bin'
Rebuild target 'DEBUG'
assembling startup_hc32l13x.s...
compiling bsp_uart.c...
compiling bsp_gpio.c...
compiling bsp_time.c...
compiling interrupts_hc32l13x.c...
compiling system_hc32l13x.c...
compiling bsp_clk.c...
compiling bsp_flash.c...
compiling queue.c...
compiling crc16.c...
compiling bsp_touch.c...
..\user\bsp_touch.c(230): warning:  #940-D: missing return statement at end of non-void function "Rev_Touch_XY"
  }
..\user\bsp_touch.c: 1 warning, 0 errors
compiling ddl.c...
compiling sysctrl.c...
compiling gpio.c...
compiling flash.c...
compiling bt.c...
compiling uart.c...
compiling lpuart.c...
compiling spi.c...
compiling lpm.c...
compiling app_key.c...
compiling wdt.c...
compiling app_Version.c...
compiling app_Cmd.c...
compiling app_uart0.c...
compiling app.lpuart.c...
compiling app_gpsuart0.c...
compiling app_gprsCmd.c...
compiling main.c...
..\main\main.c(70): warning:  #111-D: statement is unreachable
  	return 0;
..\main\main.c: 1 warning, 0 errors
linking...
Program Size: Code=16564 RO-data=424 RW-data=248 ZI-data=4120  
FromELF: creating hex file...
After Build - User command #1: E:\kail\ARM\ARMCC\bin\fromelf.exe  --bin  -o./HEX/E723.bin ./HEX/E723.axf
".\HEX\E723.axf" - 0 Error(s), 2 Warning(s).

<h2>Software Packages used:</h2>

Package Vendor: ARM
                http://www.keil.com/pack/ARM.CMSIS.5.0.1.pack
                ARM::CMSIS:CORE:5.0.1
                CMSIS (Cortex Microcontroller Software Interface Standard)
   * Component: CORE Version: 5.0.1

<h2>Collection of Component include folders:</h2>
  C:\Users\admin\Desktop\E723\kail\RTE
  E:\kail\ARM\PACK\ARM\CMSIS\5.0.1\CMSIS\Include
  E:\kail\ARM\PACK\HDSC\HC32L136\1.0.0\Device\Include

<h2>Collection of Component Files used:</h2>

   * Component: ARM::CMSIS:CORE:5.0.1
Build Time Elapsed:  00:00:08
</pre>
</body>
</html>
